Component: ARM Compiler 5.06 update 7 (build 960) Tool: armlink [4d3601]

==============================================================================

Section Cross References

    main.o(i.InitGPIO) refers to stm32f4xx_hal_gpio.o(i.HAL_GPIO_WritePin) for HAL_GPIO_WritePin
    main.o(i.InitGPIO) refers to stm32f4xx_hal_gpio.o(i.HAL_GPIO_Init) for HAL_GPIO_Init
    main.o(i.SysTick_Handler) refers to stm32f4xx_hal.o(i.HAL_IncTick) for HAL_IncTick
    main.o(i.SysTick_Handler) refers to tasks.o(i.xTaskGetSchedulerState) for xTaskGetSchedulerState
    main.o(i.SysTick_Handler) refers to port.o(i.xPortSysTickHandler) for xPortSysTickHandler
    main.o(i.SystemClock_Config) refers to stm32f4xx_hal_rcc.o(i.HAL_RCC_OscConfig) for HAL_RCC_OscConfig
    main.o(i.SystemClock_Config) refers to stm32f4xx_hal_rcc.o(i.HAL_RCC_ClockConfig) for HAL_RCC_ClockConfig
    main.o(i.SystemClock_Config) refers to stm32f4xx_hal_rcc_ex.o(i.HAL_RCCEx_PeriphCLKConfig) for HAL_RCCEx_PeriphCLKConfig
    main.o(i.main) refers to system_stm32f4xx.o(i.SystemInit) for SystemInit
    main.o(i.main) refers to stm32f4xx_hal.o(i.HAL_Init) for HAL_Init
    main.o(i.main) refers to main.o(i.SystemClock_Config) for SystemClock_Config
    main.o(i.main) refers to main.o(i.InitGPIO) for InitGPIO
    main.o(i.main) refers to leds.o(i.LD_Init) for LD_Init
    main.o(i.main) refers to servo.o(i.SR_Init) for SR_Init
    main.o(i.main) refers to button.o(i.BT_Init) for BT_Init
    main.o(i.main) refers to sound.o(i.SN_Init) for SN_Init
    main.o(i.main) refers to statemanager.o(i.MN_Init) for MN_Init
    main.o(i.main) refers to tasks.o(i.xTaskCreate) for xTaskCreate
    main.o(i.main) refers to timers.o(i.xTimerCreate) for xTimerCreate
    main.o(i.main) refers to scheduler.o(i.SH_Start) for SH_Start
    main.o(i.main) refers to main.o(.data) for xButtonHandler
    main.o(i.main) refers to button.o(i.vTaskButton) for vTaskButton
    main.o(i.main) refers to button.o(i.buttonPressTimerCallback) for buttonPressTimerCallback
    stm32f4xx_hal_msp.o(i.HAL_I2C_MspDeInit) refers to stm32f4xx_hal_gpio.o(i.HAL_GPIO_DeInit) for HAL_GPIO_DeInit
    stm32f4xx_hal_msp.o(i.HAL_I2C_MspInit) refers to rt_memclr_w.o(.text) for __aeabi_memclr4
    stm32f4xx_hal_msp.o(i.HAL_I2C_MspInit) refers to stm32f4xx_hal_gpio.o(i.HAL_GPIO_Init) for HAL_GPIO_Init
    stm32f4xx_hal_msp.o(i.HAL_I2S_MspDeInit) refers to stm32f4xx_hal_gpio.o(i.HAL_GPIO_DeInit) for HAL_GPIO_DeInit
    stm32f4xx_hal_msp.o(i.HAL_I2S_MspDeInit) refers to stm32f4xx_hal_dma.o(i.HAL_DMA_DeInit) for HAL_DMA_DeInit
    stm32f4xx_hal_msp.o(i.HAL_I2S_MspInit) refers to rt_memclr_w.o(.text) for __aeabi_memclr4
    stm32f4xx_hal_msp.o(i.HAL_I2S_MspInit) refers to stm32f4xx_hal_gpio.o(i.HAL_GPIO_Init) for HAL_GPIO_Init
    stm32f4xx_hal_msp.o(i.HAL_I2S_MspInit) refers to stm32f4xx_hal_dma.o(i.HAL_DMA_Init) for HAL_DMA_Init
    stm32f4xx_hal_msp.o(i.HAL_I2S_MspInit) refers to sound.o(.bss) for hdma_spi3_tx
    servo.o(i.InitServo) refers to stm32f4xx_hal_gpio.o(i.HAL_GPIO_Init) for HAL_GPIO_Init
    servo.o(i.InitTimer3) refers to stm32f4xx_hal_tim.o(i.HAL_TIM_Base_Init) for HAL_TIM_Base_Init
    servo.o(i.InitTimer3) refers to stm32f4xx_hal_tim.o(i.HAL_TIM_Base_Start) for HAL_TIM_Base_Start
    servo.o(i.InitTimer3) refers to servo.o(.bss) for TIM3_InitStruct
    servo.o(i.SR_Init) refers to servo.o(i.InitServo) for InitServo
    servo.o(i.SR_Init) refers to servo.o(i.InitTimer3) for InitTimer3
    servo.o(i.SR_Init) refers to servo.o(i.SetupPWM_TIM3) for SetupPWM_TIM3
    servo.o(i.SetupPWM_TIM3) refers to stm32f4xx_hal_tim.o(i.HAL_TIM_PWM_Init) for HAL_TIM_PWM_Init
    servo.o(i.SetupPWM_TIM3) refers to stm32f4xx_hal_tim.o(i.HAL_TIM_PWM_ConfigChannel) for HAL_TIM_PWM_ConfigChannel
    servo.o(i.SetupPWM_TIM3) refers to stm32f4xx_hal_tim.o(i.HAL_TIM_PWM_Start) for HAL_TIM_PWM_Start
    servo.o(i.SetupPWM_TIM3) refers to servo.o(.bss) for TIM3_InitStruct
    sound.o(i.DMA1_Stream5_IRQHandler) refers to stm32f4xx_hal_dma.o(i.HAL_DMA_IRQHandler) for HAL_DMA_IRQHandler
    sound.o(i.DMA1_Stream5_IRQHandler) refers to sound.o(.bss) for hdma_spi3_tx
    sound.o(i.InitDMA) refers to stm32f4xx_hal_cortex.o(i.HAL_NVIC_SetPriority) for HAL_NVIC_SetPriority
    sound.o(i.InitDMA) refers to stm32f4xx_hal_cortex.o(i.HAL_NVIC_EnableIRQ) for HAL_NVIC_EnableIRQ
    sound.o(i.InitI2C1) refers to stm32f4xx_hal_i2c.o(i.HAL_I2C_Init) for HAL_I2C_Init
    sound.o(i.InitI2C1) refers to sound.o(.bss) for hi2c1
    sound.o(i.InitI2S3) refers to stm32f4xx_hal_i2s.o(i.HAL_I2S_Init) for HAL_I2S_Init
    sound.o(i.InitI2S3) refers to sound.o(.bss) for hi2s3
    sound.o(i.SN_Beep) refers to stm32f4xx_hal_gpio.o(i.HAL_GPIO_WritePin) for HAL_GPIO_WritePin
    sound.o(i.SN_Beep) refers to rt_memcpy_w.o(.text) for __aeabi_memcpy4
    sound.o(i.SN_Beep) refers to my_cs43l22.o(i.CS43_Init) for CS43_Init
    sound.o(i.SN_Beep) refers to my_cs43l22.o(i.CS43_SetVolume) for CS43_SetVolume
[...]
    __rt_lib_init_clock_1                    0x0800021b   Thumb Code     0  libinit2.o(.ARM.Collect$$libinit$$00000021)
    __rt_lib_init_fp_trap_1                  0x0800021b   Thumb Code     0  libinit2.o(.ARM.Collect$$libinit$$0000001F)
    __rt_lib_init_getenv_1                   0x0800021b   Thumb Code     0  libinit2.o(.ARM.Collect$$libinit$$00000023)
    __rt_lib_init_heap_1                     0x0800021b   Thumb Code     0  libinit2.o(.ARM.Collect$$libinit$$0000000A)
    __rt_lib_init_lc_collate_1               0x0800021b   Thumb Code     0  libinit2.o(.ARM.Collect$$libinit$$00000011)
    __rt_lib_init_lc_ctype_1                 0x0800021b   Thumb Code     0  libinit2.o(.ARM.Collect$$libinit$$00000013)
    __rt_lib_init_lc_monetary_1              0x0800021b   Thumb Code     0  libinit2.o(.ARM.Collect$$libinit$$00000015)
    __rt_lib_init_lc_numeric_1               0x0800021b   Thumb Code     0  libinit2.o(.ARM.Collect$$libinit$$00000017)
    __rt_lib_init_lc_time_1                  0x0800021b   Thumb Code     0  libinit2.o(.ARM.Collect$$libinit$$00000019)
    __rt_lib_init_rand_1                     0x0800021b   Thumb Code     0  libinit2.o(.ARM.Collect$$libinit$$0000000E)
    __rt_lib_init_signal_1                   0x0800021b   Thumb Code     0  libinit2.o(.ARM.Collect$$libinit$$0000001D)
    __rt_lib_init_stdio_2                    0x0800021b   Thumb Code     0  libinit2.o(.ARM.Collect$$libinit$$00000024)
    __rt_lib_init_user_alloc_1               0x0800021b   Thumb Code     0  libinit2.o(.ARM.Collect$$libinit$$0000000C)
    __rt_lib_init_alloca_1                   0x0800021f   Thumb Code     0  libinit2.o(.ARM.Collect$$libinit$$0000002E)
    __rt_lib_init_argv_1                     0x0800021f   Thumb Code     0  libinit2.o(.ARM.Collect$$libinit$$0000002C)
    __rt_lib_init_cpp_1                      0x0800021f   Thumb Code     0  libinit2.o(.ARM.Collect$$libinit$$00000032)
    __rt_lib_init_exceptions_1               0x0800021f   Thumb Code     0  libinit2.o(.ARM.Collect$$libinit$$00000030)
    __rt_lib_init_return                     0x0800021f   Thumb Code     0  libinit2.o(.ARM.Collect$$libinit$$00000033)
    __rt_lib_init_stdio_1                    0x0800021f   Thumb Code     0  libinit2.o(.ARM.Collect$$libinit$$00000025)
    __rt_lib_shutdown                        0x08000221   Thumb Code     0  libshutdown.o(.ARM.Collect$$libshutdown$$00000000)
    __rt_lib_shutdown_cpp_1                  0x08000223   Thumb Code     0  libshutdown2.o(.ARM.Collect$$libshutdown$$00000004)
    __rt_lib_shutdown_fini_1                 0x08000223   Thumb Code     0  libshutdown2.o(.ARM.Collect$$libshutdown$$00000002)
    __rt_lib_shutdown_stdio_2                0x08000223   Thumb Code     0  libshutdown2.o(.ARM.Collect$$libshutdown$$00000005)
    __rt_lib_shutdown_fp_trap_1              0x08000227   Thumb Code     0  libshutdown2.o(.ARM.Collect$$libshutdown$$00000009)
    __rt_lib_shutdown_heap_1                 0x08000227   Thumb Code     0  libshutdown2.o(.ARM.Collect$$libshutdown$$00000011)
    __rt_lib_shutdown_return                 0x08000227   Thumb Code     0  libshutdown2.o(.ARM.Collect$$libshutdown$$00000012)
    __rt_lib_shutdown_signal_1               0x08000227   Thumb Code     0  libshutdown2.o(.ARM.Collect$$libshutdown$$0000000C)
    __rt_lib_shutdown_stdio_1                0x08000227   Thumb Code     0  libshutdown2.o(.ARM.Collect$$libshutdown$$00000006)
    __rt_lib_shutdown_user_alloc_1           0x08000227   Thumb Code     0  libshutdown2.o(.ARM.Collect$$libshutdown$$0000000E)
    __rt_entry                               0x08000229   Thumb Code     0  __rtentry.o(.ARM.Collect$$rtentry$$00000000)
    __rt_entry_presh_1                       0x08000229   Thumb Code     0  __rtentry2.o(.ARM.Collect$$rtentry$$00000002)
    __rt_entry_sh                            0x08000229   Thumb Code     0  __rtentry4.o(.ARM.Collect$$rtentry$$00000004)
    __rt_entry_li                            0x0800022f   Thumb Code     0  __rtentry2.o(.ARM.Collect$$rtentry$$0000000A)
    __rt_entry_postsh_1                      0x0800022f   Thumb Code     0  __rtentry2.o(.ARM.Collect$$rtentry$$00000009)
    __rt_entry_main                          0x08000233   Thumb Code     0  __rtentry2.o(.ARM.Collect$$rtentry$$0000000D)
    __rt_entry_postli_1                      0x08000233   Thumb Code     0  __rtentry2.o(.ARM.Collect$$rtentry$$0000000C)
    __rt_exit                                0x0800023b   Thumb Code     0  rtexit.o(.ARM.Collect$$rtexit$$00000000)
    __rt_exit_ls                             0x0800023d   Thumb Code     0  rtexit2.o(.ARM.Collect$$rtexit$$00000003)
    __rt_exit_prels_1                        0x0800023d   Thumb Code     0  rtexit2.o(.ARM.Collect$$rtexit$$00000002)
    __rt_exit_exit                           0x08000241   Thumb Code     0  rtexit2.o(.ARM.Collect$$rtexit$$00000004)
    SVC_Handler                              0x08000249   Thumb Code    28  port.o(.emb_text)
    __asm___6_port_c_39a90d8d__prvStartFirstTask 0x08000269   Thumb Code    36  port.o(.emb_text)
    __asm___6_port_c_39a90d8d__prvEnableVFP  0x08000291   Thumb Code    16  port.o(.emb_text)
    PendSV_Handler                           0x080002a5   Thumb Code    88  port.o(.emb_text)
    vPortGetIPSR                             0x08000301   Thumb Code     6  port.o(.emb_text)
    Reset_Handler                            0x08000309   Thumb Code     8  startup_stm32f407xx.o(.text)
    _maybe_terminate_alloc                   0x08000309   Thumb Code     0  maybetermalloc1.o(.emb_text)
    NMI_Handler                              0x08000311   Thumb Code     2  startup_stm32f407xx.o(.text)
    HardFault_Handler                        0x08000313   Thumb Code     2  startup_stm32f407xx.o(.text)
    MemManage_Handler                        0x08000315   Thumb Code     2  startup_stm32f407xx.o(.text)
    BusFault_Handler                         0x08000317   Thumb Code     2  startup_stm32f407xx.o(.text)
    UsageFault_Handler                       0x08000319   Thumb Code     2  startup_stm32f407xx.o(.text)
    DebugMon_Handler                         0x0800031d   Thumb Code     2  startup_stm32f407xx.o(.text)
    ADC_IRQHandler                           0x08000323   Thumb Code     0  startup_stm32f407xx.o(.text)
    CAN1_RX0_IRQHandler                      0x08000323   Thumb Code     0  startup_stm32f407xx.o(.text)
    CAN1_RX1_IRQHandler                      0x08000323   Thumb Code     0  startup_stm32f407xx.o(.text)
    CAN1_SCE_IRQHandler                      0x08000323   Thumb Code     0  startup_stm32f407xx.o(.text)
    CAN1_TX_IRQHandler                       0x08000323   Thumb Code     0  startup_stm32f407xx.o(.text)
    CAN2_RX0_IRQHandler                      0x08000323   Thumb Code     0  startup_stm32f407xx.o(.text)
    CAN2_RX1_IRQHandler                      0x08000323   Thumb Code     0  startup_stm32f407xx.o(.text)
    CAN2_SCE_IRQHandler                      0x08000323   Thumb Code     0  startup_stm32f407xx.o(.text)
    CAN2_TX_IRQHandler                       0x08000323   Thumb Code     0  startup_stm32f407xx.o(.text)
    DCMI_IRQHandler                          0x08000323   Thumb Code     0  startup_stm32f407xx.o(.text)
    DMA1_Stream0_IRQHandler                  0x08000323   Thumb Code     0  startup_stm32f407xx.o(.text)
    DMA1_Stream1_IRQHandler                  0x08000323   Thumb Code     0  startup_stm32f407xx.o(.text)
    DMA1_Stream2_IRQHandler                  0x08000323   Thumb Code     0  startup_stm32f407xx.o(.text)
    DMA1_Stream3_IRQHandler                  0x08000323   Thumb Code     0  startup_stm32f407xx.o(.text)
    DMA1_Stream4_IRQHandler                  0x08000323   Thumb Code     0  startup_stm32f407xx.o(.text)
    DMA1_Stream6_IRQHandler                  0x08000323   Thumb Code     0  startup_stm32f407xx.o(.text)
    DMA1_Stream7_IRQHandler                  0x08000323   Thumb Code     0  startup_stm32f407xx.o(.text)
    DMA2_Stream0_IRQHandler                  0x08000323   Thumb Code     0  startup_stm32f407xx.o(.text)
    DMA2_Stream1_IRQHandler                  0x08000323   Thumb Code     0  startup_stm32f407xx.o(.text)
    DMA2_Stream2_IRQHandler                  0x08000323   Thumb Code     0  startup_stm32f407xx.o(.text)
    DMA2_Stream3_IRQHandler                  0x08000323   Thumb Code     0  startup_stm32f407xx.o(.text)
    DMA2_Stream4_IRQHandler                  0x08000323   Thumb Code     0  startup_stm32f407xx.o(.text)
    DMA2_Stream5_IRQHandler                  0x08000323   Thumb Code     0  startup_stm32f407xx.o(.text)
    DMA2_Stream6_IRQHandler                  0x08000323   Thumb Code     0  startup_stm32f407xx.o(.text)
    DMA2_Stream7_IRQHandler                  0x08000323   Thumb Code     0  startup_stm32f407xx.o(.text)
    ETH_IRQHandler                           0x08000323   Thumb Code     0  startup_stm32f407xx.o(.text)
    ETH_WKUP_IRQHandler                      0x08000323   Thumb Code     0  startup_stm32f407xx.o(.text)
    EXTI15_10_IRQHandler                     0x08000323   Thumb Code     0  startup_stm32f407xx.o(.text)
    EXTI1_IRQHandler                         0x08000323   Thumb Code     0  startup_stm32f407xx.o(.text)
    EXTI2_IRQHandler                         0x08000323   Thumb Code     0  startup_stm32f407xx.o(.text)
    EXTI3_IRQHandler                         0x08000323   Thumb Code     0  startup_stm32f407xx.o(.text)
    EXTI4_IRQHandler                         0x08000323   Thumb Code     0  startup_stm32f407xx.o(.text)
    EXTI9_5_IRQHandler                       0x08000323   Thumb Code     0  startup_stm32f407xx.o(.text)
    FLASH_IRQHandler                         0x08000323   Thumb Code     0  startup_stm32f407xx.o(.text)
    FMC_IRQHandler                           0x08000323   Thumb Code     0  startup_stm32f407xx.o(.text)
    FPU_IRQHandler                           0x08000323   Thumb Code     0  startup_stm32f407xx.o(.text)
    HASH_RNG_IRQHandler                      0x08000323   Thumb Code     0  startup_stm32f407xx.o(.text)
    I2C1_ER_IRQHandler                       0x08000323   Thumb Code     0  startup_stm32f407xx.o(.text)
    I2C1_EV_IRQHandler                       0x08000323   Thumb Code     0  startup_stm32f407xx.o(.text)
    I2C2_ER_IRQHandler                       0x08000323   Thumb Code     0  startup_stm32f407xx.o(.text)
    I2C2_EV_IRQHandler                       0x08000323   Thumb Code     0  startup_stm32f407xx.o(.text)
    I2C3_ER_IRQHandler                       0x08000323   Thumb Code     0  startup_stm32f407xx.o(.text)
    I2C3_EV_IRQHandler                       0x08000323   Thumb Code     0  startup_stm32f407xx.o(.text)
    OTG_FS_IRQHandler                        0x08000323   Thumb Code     0  startup_stm32f407xx.o(.text)
    OTG_FS_WKUP_IRQHandler                   0x08000323   Thumb Code     0  startup_stm32f407xx.o(.text)
    OTG_HS_EP1_IN_IRQHandler                 0x08000323   Thumb Code     0  startup_stm32f407xx.o(.text)
    OTG_HS_EP1_OUT_IRQHandler                0x08000323   Thumb Code     0  startup_stm32f407xx.o(.text)
    OTG_HS_IRQHandler                        0x08000323   Thumb Code     0  startup_stm32f407xx.o(.text)
    OTG_HS_WKUP_IRQHandler                   0x08000323   Thumb Code     0  startup_stm32f407xx.o(.text)
    PVD_IRQHandler                           0x08000323   Thumb Code     0  startup_stm32f407xx.o(.text)
    RCC_IRQHandler                           0x08000323   Thumb Code     0  startup_stm32f407xx.o(.text)
    RTC_Alarm_IRQHandler                     0x08000323   Thumb Code     0  startup_stm32f407xx.o(.text)
    RTC_WKUP_IRQHandler                      0x08000323   Thumb Code     0  startup_stm32f407xx.o(.text)
    SDIO_IRQHandler                          0x08000323   Thumb Code     0  startup_stm32f407xx.o(.text)
    SPI1_IRQHandler                          0x08000323   Thumb Code     0  startup_stm32f407xx.o(.text)
    SPI2_IRQHandler                          0x08000323   Thumb Code     0  startup_stm32f407xx.o(.text)
    SPI3_IRQHandler                          0x08000323   Thumb Code     0  startup_stm32f407xx.o(.text)
    TAMP_STAMP_IRQHandler                    0x08000323   Thumb Code     0  startup_stm32f407xx.o(.text)
    TIM1_BRK_TIM9_IRQHandler                 0x08000323   Thumb Code     0  startup_stm32f407xx.o(.text)
    TIM1_CC_IRQHandler                       0x08000323   Thumb Code     0  startup_stm32f407xx.o(.text)
    TIM1_TRG_COM_TIM11_IRQHandler            0x08000323   Thumb Code     0  startup_stm32f407xx.o(.text)
    TIM1_UP_TIM10_IRQHandler                 0x08000323   Thumb Code     0  startup_stm32f407xx.o(.text)
    TIM2_IRQHandler                          0x08000323   Thumb Code     0  startup_stm32f407xx.o(.text)
    TIM3_IRQHandler                          0x08000323   Thumb Code     0  startup_stm32f407xx.o(.text)
    TIM4_IRQHandler                          0x08000323   Thumb Code     0  startup_stm32f407xx.o(.text)
    TIM5_IRQHandler                          0x08000323   Thumb Code     0  startup_stm32f407xx.o(.text)
    TIM6_DAC_IRQHandler                      0x08000323   Thumb Code     0  startup_stm32f407xx.o(.text)
    TIM7_IRQHandler                          0x08000323   Thumb Code     0  startup_stm32f407xx.o(.text)
    TIM8_BRK_TIM12_IRQHandler                0x08000323   Thumb Code     0  startup_stm32f407xx.o(.text)
    TIM8_CC_IRQHandler                       0x08000323   Thumb Code     0  startup_stm32f407xx.o(.text)
    TIM8_TRG_COM_TIM14_IRQHandler            0x08000323   Thumb Code     0  startup_stm32f407xx.o(.text)
    TIM8_UP_TIM13_IRQHandler                 0x08000323   Thumb Code     0  startup_stm32f407xx.o(.text)
    UART4_IRQHandler                         0x08000323   Thumb Code     0  startup_stm32f407xx.o(.text)
    UART5_IRQHandler                         0x08000323   Thumb Code     0  startup_stm32f407xx.o(.text)
    USART1_IRQHandler                        0x08000323   Thumb Code     0  startup_stm32f407xx.o(.text)
    USART2_IRQHandler                        0x08000323   Thumb Code     0  startup_stm32f407xx.o(.text)
    USART3_IRQHandler                        0x08000323   Thumb Code     0  startup_stm32f407xx.o(.text)
    USART6_IRQHandler                        0x08000323   Thumb Code     0  startup_stm32f407xx.o(.text)
    WWDG_IRQHandler                          0x08000323   Thumb Code     0  startup_stm32f407xx.o(.text)
    __user_initial_stackheap                 0x08000325   Thumb Code     0  startup_stm32f407xx.o(.text)
    malloc                                   0x08000349   Thumb Code    94  h1_alloc.o(.text)
    __aeabi_uldivmod                         0x080003a7   Thumb Code     0  lludivv7m.o(.text)
    _ll_udiv                                 0x080003a7   Thumb Code   238  lludivv7m.o(.text)
    __2printf                                0x08000495   Thumb Code    20  noretval__2printf.o(.text)
    __printf                                 0x080004ad   Thumb Code   104  __printf.o(.text)
    _printf_str                              0x08000515   Thumb Code    82  _printf_str.o(.text)
    _printf_int_dec                          0x08000569   Thumb Code   104  _printf_dec.o(.text)
    __aeabi_memcpy                           0x080005e1   Thumb Code     0  rt_memcpy_v6.o(.text)
    __rt_memcpy                              0x080005e1   Thumb Code   138  rt_memcpy_v6.o(.text)
    _memcpy_lastbytes                        0x08000647   Thumb Code     0  rt_memcpy_v6.o(.text)
    __aeabi_memcpy4                          0x0800066b   Thumb Code     0  rt_memcpy_w.o(.text)
    __aeabi_memcpy8                          0x0800066b   Thumb Code     0  rt_memcpy_w.o(.text)
    __rt_memcpy_w                            0x0800066b   Thumb Code   100  rt_memcpy_w.o(.text)
    _memcpy_lastbytes_aligned                0x080006b3   Thumb Code     0  rt_memcpy_w.o(.text)
    __aeabi_memset                           0x080006cf   Thumb Code    16  aeabi_memset.o(.text)
    __aeabi_memclr                           0x080006df   Thumb Code     0  rt_memclr.o(.text)
    __rt_memclr                              0x080006df   Thumb Code    68  rt_memclr.o(.text)
    _memset                                  0x080006e3   Thumb Code     0  rt_memclr.o(.text)
    __aeabi_memclr4                          0x08000723   Thumb Code     0  rt_memclr_w.o(.text)
    __aeabi_memclr8                          0x08000723   Thumb Code     0  rt_memclr_w.o(.text)
    __rt_memclr_w                            0x08000723   Thumb Code    78  rt_memclr_w.o(.text)
    _memset_w                                0x08000727   Thumb Code     0  rt_memclr_w.o(.text)
    strcmp                                   0x08000771   Thumb Code   128  strcmpv7m.o(.text)
    __use_two_region_memory                  0x080007f1   Thumb Code     2  heapauxi.o(.text)
    __rt_heap_escrow                         0x080007f3   Thumb Code     2  heapauxi.o(.text)
    __rt_heap_expand                         0x080007f5   Thumb Code     2  heapauxi.o(.text)
    __rt_heap_descriptor                     0x080007f9   Thumb Code     8  rt_heap_descriptor_intlibspace.o(.text)
    __use_no_heap                            0x08000801   Thumb Code     2  hguard.o(.text)
    __heap$guard                             0x08000803   Thumb Code     2  hguard.o(.text)
    _terminate_user_alloc                    0x08000805   Thumb Code     2  init_alloc.o(.text)
    _init_user_alloc                         0x08000807   Thumb Code     2  init_alloc.o(.text)
    __Heap_Full                              0x08000809   Thumb Code    34  init_alloc.o(.text)
    __Heap_Broken                            0x0800082b   Thumb Code     6  init_alloc.o(.text)
    _init_alloc                              0x08000831   Thumb Code    94  init_alloc.o(.text)
    __Heap_Initialize                        0x0800088f   Thumb Code    10  h1_init.o(.text)
    __Heap_DescSize                          0x08000899   Thumb Code     4  h1_init.o(.text)
    free                                     0x0800089d   Thumb Code    78  h1_free.o(.text)
    __read_errno                             0x080008eb   Thumb Code    10  _rserrno.o(.text)
    __set_errno                              0x080008f5   Thumb Code    12  _rserrno.o(.text)
    _printf_int_common                       0x08000901   Thumb Code   178  _printf_intcommon.o(.text)
    _printf_cs_common                        0x080009b3   Thumb Code    20  _printf_char.o(.text)
    _printf_char                             0x080009c7   Thumb Code    16  _printf_char.o(.text)
    _printf_string                           0x080009d7   Thumb Code     8  _printf_char.o(.text)
    _printf_char_file                        0x080009e1   Thumb Code    32  _printf_char_file.o(.text)
    __user_libspace                          0x08000a05   Thumb Code     8  libspace.o(.text)
    __user_perproc_libspace                  0x08000a05   Thumb Code     0  libspace.o(.text)
    __user_perthread_libspace                0x08000a05   Thumb Code     0  libspace.o(.text)
    __aeabi_errno_addr                       0x08000a0d   Thumb Code     8  rt_errno_addr_intlibspace.o(.text)
    __errno$intlibspace                      0x08000a0d   Thumb Code     0  rt_errno_addr_intlibspace.o(.text)
    __rt_errno_addr$intlibspace              0x08000a0d   Thumb Code     0  rt_errno_addr_intlibspace.o(.text)
    __Heap_ProvideMemory                     0x08000a15   Thumb Code    52  h1_extend.o(.text)
    _printf_char_common                      0x08000a53   Thumb Code    32  _printf_char_common.o(.text)
    ferror                                   0x08000a79   Thumb Code     8  ferror.o(.text)
    _initio                                  0x08000a81   Thumb Code   210  initio.o(.text)
    _terminateio                             0x08000b53   Thumb Code    56  initio.o(.text)
    __rt_SIGRTMEM                            0x08000bb9   Thumb Code    14  defsig_rtmem_outer.o(.text)
    __I$use$semihosting                      0x08000bc7   Thumb Code     0  use_no_semi.o(.text)
    __use_no_semihosting_swi                 0x08000bc7   Thumb Code     2  use_no_semi.o(.text)
    __semihosting_library_function           0x08000bc9   Thumb Code     0  indicate_semi.o(.text)
    __user_setup_stackheap                   0x08000bc9   Thumb Code    74  sys_stackheap_outer.o(.text)
    __flsbuf                                 0x08000c13   Thumb Code   470  flsbuf.o(.text)
    __flsbuf_byte                            0x08000c13   Thumb Code     0  flsbuf.o(.text)
    __flsbuf_wide                            0x08000c13   Thumb Code     0  flsbuf.o(.text)
    setvbuf                                  0x08000de9   Thumb Code    70  setvbuf.o(.text)
    freopen                                  0x08000e31   Thumb Code   158  fopen.o(.text)
    fopen                                    0x08000ecf   Thumb Code    74  fopen.o(.text)
    _fclose_internal                         0x08000f1d   Thumb Code    76  fclose.o(.text)
    fclose                                   0x08000f1d   Thumb Code     0  fclose.o(.text)
    exit                                     0x08000f69   Thumb Code    18  exit.o(.text)
    __sig_exit                               0x08000f7b   Thumb Code    10  defsig_exit.o(.text)
    __rt_SIGRTRED                            0x08000f85   Thumb Code    14  defsig_rtred_outer.o(.text)
    __rt_SIGRTMEM_inner                      0x08000f95   Thumb Code    22  defsig_rtmem_inner.o(.text)
    _sys_exit                                0x08000fe5   Thumb Code     8  sys_exit.o(.text)
    _fseek                                   0x08000ff1   Thumb Code   242  fseek.o(.text)
    fseek                                    0x08000ff1   Thumb Code     0  fseek.o(.text)
    _seterr                                  0x080010e9   Thumb Code    20  stdio.o(.text)
    _writebuf                                0x080010fd   Thumb Code    84  stdio.o(.text)
    _fflush                                  0x08001151   Thumb Code    70  stdio.o(.text)
    _deferredlazyseek                        0x08001197   Thumb Code    60  stdio.o(.text)
    __default_signal_display                 0x080011d9   Thumb Code    50  defsig_general.o(.text)
    __rt_SIGRTRED_inner                      0x0800120d   Thumb Code    14  defsig_rtred_inner.o(.text)
    _ttywrch                                 0x08001241   Thumb Code    14  sys_wrch.o(.text)
    _ftell_internal                          0x0800124f   Thumb Code    66  ftell.o(.text)
    ftell                                    0x0800124f   Thumb Code     0  ftell.o(.text)
    BT_Init                                  0x08001291   Thumb Code    92  button.o(i.BT_Init)
    CS43_Enable_RightLeft                    0x080012fd   Thumb Code   128  my_cs43l22.o(i.CS43_Enable_RightLeft)
    CS43_Init                                0x08001381   Thumb Code   516  my_cs43l22.o(i.CS43_Init)
    CS43_SetVolume                           0x08001595   Thumb Code    86  my_cs43l22.o(i.CS43_SetVolume)
    CS43_Start                               0x080015f1   Thumb Code   118  my_cs43l22.o(i.CS43_Start)
    DMA1_Stream5_IRQHandler                  0x0800166d   Thumb Code    10  sound.o(i.DMA1_Stream5_IRQHandler)
    EDF_Schedule                             0x08001789   Thumb Code    58  scheduler.o(i.EDF_Schedule)
    EXTI0_IRQHandler                         0x080017c9   Thumb Code    38  button.o(i.EXTI0_IRQHandler)
    FPS_Schedule                             0x080017fd   Thumb Code   164  scheduler.o(i.FPS_Schedule)
    HAL_DMA_IRQHandler                       0x080018a5   Thumb Code   570  stm32f4xx_hal_dma.o(i.HAL_DMA_IRQHandler)
    HAL_DMA_Init                             0x08001ae5   Thumb Code   232  stm32f4xx_hal_dma.o(i.HAL_DMA_Init)
    HAL_DMA_Start_IT                         0x08001bd1   Thumb Code   146  stm32f4xx_hal_dma.o(i.HAL_DMA_Start_IT)
    HAL_Delay                                0x08001c65   Thumb Code    36  stm32f4xx_hal.o(i.HAL_Delay)
    HAL_GPIO_Init                            0x08001c8d   Thumb Code   466  stm32f4xx_hal_gpio.o(i.HAL_GPIO_Init)
    HAL_GPIO_WritePin                        0x08001e8d   Thumb Code    12  stm32f4xx_hal_gpio.o(i.HAL_GPIO_WritePin)
    HAL_GetTick                              0x08001e99   Thumb Code     6  stm32f4xx_hal.o(i.HAL_GetTick)
    HAL_I2C_Init                             0x08001ea5   Thumb Code   446  stm32f4xx_hal_i2c.o(i.HAL_I2C_Init)
    HAL_I2C_Master_Receive                   0x08002075   Thumb Code   748  stm32f4xx_hal_i2c.o(i.HAL_I2C_Master_Receive)
    HAL_I2C_Master_Transmit                  0x0800236d   Thumb Code   360  stm32f4xx_hal_i2c.o(i.HAL_I2C_Master_Transmit)
    HAL_I2C_MspInit                          0x080024dd   Thumb Code   124  stm32f4xx_hal_msp.o(i.HAL_I2C_MspInit)
    HAL_I2SEx_FullDuplex_IRQHandler          0x08002565   Thumb Code   572  stm32f4xx_hal_i2s_ex.o(i.HAL_I2SEx_FullDuplex_IRQHandler)
    HAL_I2SEx_TxRxCpltCallback               0x080027a9   Thumb Code     2  stm32f4xx_hal_i2s_ex.o(i.HAL_I2SEx_TxRxCpltCallback)
    HAL_I2S_ErrorCallback                    0x080027ab   Thumb Code     2  stm32f4xx_hal_i2s.o(i.HAL_I2S_ErrorCallback)
    HAL_I2S_Init                             0x080027ad   Thumb Code   432  stm32f4xx_hal_i2s.o(i.HAL_I2S_Init)
    HAL_I2S_MspInit                          0x0800296d   Thumb Code   248  stm32f4xx_hal_msp.o(i.HAL_I2S_MspInit)
    HAL_I2S_RxCpltCallback                   0x08002a7d   Thumb Code     2  stm32f4xx_hal_i2s.o(i.HAL_I2S_RxCpltCallback)
    HAL_I2S_Transmit_DMA                     0x08002a81   Thumb Code   242  stm32f4xx_hal_i2s.o(i.HAL_I2S_Transmit_DMA)
    HAL_I2S_TxCpltCallback                   0x08002b81   Thumb Code     2  stm32f4xx_hal_i2s.o(i.HAL_I2S_TxCpltCallback)
    HAL_I2S_TxHalfCpltCallback               0x08002b83   Thumb Code     2  stm32f4xx_hal_i2s.o(i.HAL_I2S_TxHalfCpltCallback)
    HAL_IncTick                              0x08002b85   Thumb Code    16  stm32f4xx_hal.o(i.HAL_IncTick)
    HAL_Init                                 0x08002b9d   Thumb Code    44  stm32f4xx_hal.o(i.HAL_Init)
    HAL_InitTick                             0x08002bcd   Thumb Code    64  stm32f4xx_hal.o(i.HAL_InitTick)
    HAL_MspInit                              0x08002c19   Thumb Code    68  stm32f4xx_hal_msp.o(i.HAL_MspInit)
    HAL_NVIC_EnableIRQ                       0x08002c61   Thumb Code    40  stm32f4xx_hal_cortex.o(i.HAL_NVIC_EnableIRQ)
    HAL_NVIC_SetPriority                     0x08002c89   Thumb Code   124  stm32f4xx_hal_cortex.o(i.HAL_NVIC_SetPriority)
    HAL_NVIC_SetPriorityGrouping             0x08002d05   Thumb Code    32  stm32f4xx_hal_cortex.o(i.HAL_NVIC_SetPriorityGrouping)
    HAL_RCCEx_GetPeriphCLKFreq               0x08002d2d   Thumb Code   126  stm32f4xx_hal_rcc_ex.o(i.HAL_RCCEx_GetPeriphCLKFreq)
    HAL_RCCEx_PeriphCLKConfig                0x08002dbd   Thumb Code   396  stm32f4xx_hal_rcc_ex.o(i.HAL_RCCEx_PeriphCLKConfig)
    HAL_RCC_ClockConfig                      0x08002f5d   Thumb Code   368  stm32f4xx_hal_rcc.o(i.HAL_RCC_ClockConfig)
    HAL_RCC_GetHCLKFreq                      0x080030e1   Thumb Code     6  stm32f4xx_hal_rcc.o(i.HAL_RCC_GetHCLKFreq)
    HAL_RCC_GetPCLK1Freq                     0x080030ed   Thumb Code    22  stm32f4xx_hal_rcc.o(i.HAL_RCC_GetPCLK1Freq)
    HAL_RCC_GetSysClockFreq                  0x0800310d   Thumb Code   162  stm32f4xx_hal_rcc.o(i.HAL_RCC_GetSysClockFreq)
    HAL_RCC_OscConfig                        0x080031bd   Thumb Code  1152  stm32f4xx_hal_rcc.o(i.HAL_RCC_OscConfig)
    HAL_SYSTICK_Config                       0x08003645   Thumb Code    52  stm32f4xx_hal_cortex.o(i.HAL_SYSTICK_Config)
    HAL_TIM_Base_Init                        0x08003679   Thumb Code    52  stm32f4xx_hal_tim.o(i.HAL_TIM_Base_Init)
    HAL_TIM_Base_MspInit                     0x080036ad   Thumb Code     2  stm32f4xx_hal_tim.o(i.HAL_TIM_Base_MspInit)
    HAL_TIM_Base_Start                       0x080036af   Thumb Code    42  stm32f4xx_hal_tim.o(i.HAL_TIM_Base_Start)
    HAL_TIM_PWM_ConfigChannel                0x080036d9   Thumb Code   264  stm32f4xx_hal_tim.o(i.HAL_TIM_PWM_ConfigChannel)
    HAL_TIM_PWM_Init                         0x080037e1   Thumb Code    52  stm32f4xx_hal_tim.o(i.HAL_TIM_PWM_Init)
    HAL_TIM_PWM_MspInit                      0x08003815   Thumb Code     2  stm32f4xx_hal_tim.o(i.HAL_TIM_PWM_MspInit)
    HAL_TIM_PWM_Start                        0x08003819   Thumb Code    80  stm32f4xx_hal_tim.o(i.HAL_TIM_PWM_Start)
    ITM_SendChar                             0x08004021   Thumb Code    42  retarget_io.o(i.ITM_SendChar)
    InitDMA                                  0x08004051   Thumb Code    52  sound.o(i.InitDMA)
    InitGPIO                                 0x08004089   Thumb Code   166  main.o(i.InitGPIO)
    InitI2C1                                 0x08004139   Thumb Code    42  sound.o(i.InitI2C1)
    InitI2S3                                 0x08004171   Thumb Code    46  sound.o(i.InitI2S3)
    InitServo                                0x080041a9   Thumb Code    66  servo.o(i.InitServo)
    InitTimer3                               0x080041f5   Thumb Code    76  servo.o(i.InitTimer3)
    LD_Init                                  0x0800424d   Thumb Code    66  leds.o(i.LD_Init)
    LD_Reset                                 0x08004299   Thumb Code    52  leds.o(i.LD_Reset)
    LD_Set                                   0x080042d1   Thumb Code    82  leds.o(i.LD_Set)
    LLF_Schedule                             0x08004329   Thumb Code    68  scheduler.o(i.LLF_Schedule)
    MN_Init                                  0x08004375   Thumb Code    48  statemanager.o(i.MN_Init)
    SH_Start                                 0x080043bd   Thumb Code    30  scheduler.o(i.SH_Start)
    SH_init_tasks                            0x080043f1   Thumb Code   202  scheduler.o(i.SH_init_tasks)
    SH_print_results                         0x080044d5   Thumb Code    94  scheduler.o(i.SH_print_results)
    SN_Beep                                  0x08004619   Thumb Code   328  sound.o(i.SN_Beep)
    SN_Init                                  0x08004789   Thumb Code    32  sound.o(i.SN_Init)
    SRTF_Schedule                            0x080047b5   Thumb Code   124  scheduler.o(i.SRTF_Schedule)
    SR_Init                                  0x08004835   Thumb Code    16  servo.o(i.SR_Init)
    SR_Set_position                          0x08004845   Thumb Code    60  servo.o(i.SR_Set_position)
    SetupPWM_TIM3                            0x08004885   Thumb Code    58  servo.o(i.SetupPWM_TIM3)
    SysTick_Handler                          0x080048c9   Thumb Code    20  main.o(i.SysTick_Handler)
    SystemClock_Config                       0x080048dd   Thumb Code   162  main.o(i.SystemClock_Config)
    SystemInit                               0x08004989   Thumb Code    24  system_stm32f4xx.o(i.SystemInit)
    TIM_Base_SetConfig                       0x080049a5   Thumb Code   170  stm32f4xx_hal_tim.o(i.TIM_Base_SetConfig)
    TIM_CCxChannelCmd                        0x08004a7d   Thumb Code    34  stm32f4xx_hal_tim.o(i.TIM_CCxChannelCmd)
    TIM_OC2_SetConfig                        0x08004b11   Thumb Code   114  stm32f4xx_hal_tim.o(i.TIM_OC2_SetConfig)
    __ARM_fpclassifyf                        0x08004c59   Thumb Code    38  fpclassifyf.o(i.__ARM_fpclassifyf)
    __hardfp_sinf                            0x08004cb9   Thumb Code   344  sinf.o(i.__hardfp_sinf)
    __mathlib_flt_infnan                     0x08004e49   Thumb Code     6  funder.o(i.__mathlib_flt_infnan)
    __mathlib_flt_invalid                    0x08004e51   Thumb Code    10  funder.o(i.__mathlib_flt_invalid)
    __mathlib_flt_underflow                  0x08004e61   Thumb Code    10  funder.o(i.__mathlib_flt_underflow)
    __mathlib_rredf2                         0x08004e71   Thumb Code   316  rredf.o(i.__mathlib_rredf2)
    _sys_close                               0x08004fc5   Thumb Code    38  retarget_io.o(i._sys_close)
    _sys_flen                                0x08004feb   Thumb Code    36  retarget_io.o(i._sys_flen)
    _sys_istty                               0x0800500f   Thumb Code    36  retarget_io.o(i._sys_istty)
    _sys_open                                0x08005035   Thumb Code    80  retarget_io.o(i._sys_open)
    _sys_seek                                0x0800509d   Thumb Code    44  retarget_io.o(i._sys_seek)
    _sys_write                               0x080050c9   Thumb Code    70  retarget_io.o(i._sys_write)
    applyCurrentSelection                    0x08005111   Thumb Code    28  statemanager.o(i.applyCurrentSelection)
    buttonPressTimerCallback                 0x08005135   Thumb Code    68  button.o(i.buttonPressTimerCallback)
    check_coffee_period                      0x08005185   Thumb Code    48  scheduler.o(i.check_coffee_period)
    fputc                                    0x080051b9   Thumb Code    26  fputc.o(i.fputc)
    generateData                             0x080051d5   Thumb Code   130  sound.o(i.generateData)
    main                                     0x0800526d   Thumb Code    88  main.o(i.main)
    pvPortMalloc                             0x08005d91   Thumb Code   354  heap_4.o(i.pvPortMalloc)
    pvTaskIncrementMutexHeldCount            0x08005f0d   Thumb Code    26  tasks.o(i.pvTaskIncrementMutexHeldCount)
    pxPortInitialiseStack                    0x08005f2d   Thumb Code    38  port.o(i.pxPortInitialiseStack)
    selectNextScheduler                      0x08005f8d   Thumb Code   114  statemanager.o(i.selectNextScheduler)
    stopScheduler                            0x08006075   Thumb Code    26  statemanager.o(i.stopScheduler)
    uxListRemove                             0x08006099   Thumb Code    40  list.o(i.uxListRemove)
    vApplicationMallocFailedHook             0x080060c1   Thumb Code     4  main.o(i.vApplicationMallocFailedHook)
    vBrewer                                  0x080060c5   Thumb Code   218  scheduler.o(i.vBrewer)
    vListInitialise                          0x08006245   Thumb Code    26  list.o(i.vListInitialise)
    vListInitialiseItem                      0x0800625f   Thumb Code     6  list.o(i.vListInitialiseItem)
    vListInsert                              0x08006265   Thumb Code    52  list.o(i.vListInsert)
    vListInsertEnd                           0x08006299   Thumb Code    24  list.o(i.vListInsertEnd)
    vPortEnterCritical                       0x080062b1   Thumb Code    78  port.o(i.vPortEnterCritical)
    vPortExitCritical                        0x08006309   Thumb Code    58  port.o(i.vPortExitCritical)
    vPortFree                                0x08006349   Thumb Code   154  heap_4.o(i.vPortFree)
    vPortSetupTimerInterrupt                 0x080063f1   Thumb Code    36  port.o(i.vPortSetupTimerInterrupt)
    vPortValidateInterruptPriority           0x08006419   Thumb Code   110  port.o(i.vPortValidateInterruptPriority)
    vQueueAddToRegistry                      0x08006495   Thumb Code    38  queue.o(i.vQueueAddToRegistry)
    vQueueWaitForMessageRestricted           0x080064c1   Thumb Code    74  queue.o(i.vQueueWaitForMessageRestricted)
    vScheduler                               0x0800650d   Thumb Code   160  scheduler.o(i.vScheduler)
    vTaskButton                              0x080065d9   Thumb Code    60  button.o(i.vTaskButton)
    vTaskDelay                               0x0800661d   Thumb Code    84  tasks.o(i.vTaskDelay)
    vTaskDelete                              0x08006679   Thumb Code   204  tasks.o(i.vTaskDelete)
    vTaskInternalSetTimeOutState             0x0800676d   Thumb Code    14  tasks.o(i.vTaskInternalSetTimeOutState)
    vTaskMissedYield                         0x08006785   Thumb Code     8  tasks.o(i.vTaskMissedYield)
    vTaskOperator                            0x08006791   Thumb Code    72  statemanager.o(i.vTaskOperator)
    vTaskPlaceOnEventList                    0x080067e5   Thumb Code    54  tasks.o(i.vTaskPlaceOnEventList)
    vTaskPlaceOnEventListRestricted          0x08006821   Thumb Code    62  tasks.o(i.vTaskPlaceOnEventListRestricted)
    vTaskPriorityDisinheritAfterTimeout      0x08006865   Thumb Code   220  tasks.o(i.vTaskPriorityDisinheritAfterTimeout)
    vTaskStartScheduler                      0x0800694d   Thumb Code   124  tasks.o(i.vTaskStartScheduler)
    vTaskSuspend                             0x080069e9   Thumb Code   226  tasks.o(i.vTaskSuspend)
    vTaskSuspendAll                          0x08006aed   Thumb Code    12  tasks.o(i.vTaskSuspendAll)
    vTaskSwitchContext                       0x08006afd   Thumb Code   120  tasks.o(i.vTaskSwitchContext)
    xPortStartScheduler                      0x08006bb5   Thumb Code   338  port.o(i.xPortStartScheduler)
    xPortSysTickHandler                      0x08006d25   Thumb Code    46  port.o(i.xPortSysTickHandler)
    xQueueGenericCreate                      0x08006d59   Thumb Code   168  queue.o(i.xQueueGenericCreate)
    xQueueGenericReset                       0x08006e01   Thumb Code   148  queue.o(i.xQueueGenericReset)
    xQueueGenericSend                        0x08006e99   Thumb Code   428  queue.o(i.xQueueGenericSend)
    xQueueGenericSendFromISR                 0x08007049   Thumb Code   296  queue.o(i.xQueueGenericSendFromISR)
    xQueueReceive                            0x08007171   Thumb Code   362  queue.o(i.xQueueReceive)
    xQueueSemaphoreTake                      0x080072e1   Thumb Code   442  queue.o(i.xQueueSemaphoreTake)
    xTaskCheckForTimeOut                     0x080074a1   Thumb Code   140  tasks.o(i.xTaskCheckForTimeOut)
    xTaskCreate                              0x08007535   Thumb Code    96  tasks.o(i.xTaskCreate)
    xTaskGetSchedulerState                   0x08007595   Thumb Code    24  tasks.o(i.xTaskGetSchedulerState)
    xTaskGetTickCount                        0x080075b5   Thumb Code     6  tasks.o(i.xTaskGetTickCount)
    xTaskIncrementTick                       0x080075c1   Thumb Code   284  tasks.o(i.xTaskIncrementTick)
    xTaskPriorityDisinherit                  0x08007709   Thumb Code   178  tasks.o(i.xTaskPriorityDisinherit)
    xTaskPriorityInherit                     0x080077c9   Thumb Code   172  tasks.o(i.xTaskPriorityInherit)
    xTaskRemoveFromEventList                 0x08007881   Thumb Code   130  tasks.o(i.xTaskRemoveFromEventList)
    xTaskResumeAll                           0x0800791d   Thumb Code   226  tasks.o(i.xTaskResumeAll)
    xTaskResumeFromISR                       0x08007a25   Thumb Code   166  tasks.o(i.xTaskResumeFromISR)
    xTimerCreate                             0x08007ae5   Thumb Code    54  timers.o(i.xTimerCreate)
    xTimerCreateTimerTask                    0x08007b1d   Thumb Code    66  timers.o(i.xTimerCreateTimerTask)
    xTimerGenericCommand                     0x08007b75   Thumb Code   128  timers.o(i.xTimerGenericCommand)
    _fp_init                                 0x08007bf9   Thumb Code    10  fpinit.o(x$fpl$fpinit)
    __fplib_config_fpu_vfp                   0x08007c01   Thumb Code     0  fpinit.o(x$fpl$fpinit)
    __fplib_config_pureend_doubles           0x08007c01   Thumb Code     0  fpinit.o(x$fpl$fpinit)
    __I$use$fp                               0x08007c02   Number         0  usenofp.o(x$fpl$usenofp)
    __stdin_name                             0x08007c02   Data           7  retarget_io.o(.constdata)
    __stdout_name                            0x08007c09   Data           8  retarget_io.o(.constdata)
    __stderr_name                            0x08007c11   Data           8  retarget_io.o(.constdata)
    AHBPrescTable                            0x08007c21   Data          16  system_stm32f4xx.o(.constdata)
    APBPrescTable                            0x08007c31   Data           8  system_stm32f4xx.o(.constdata)
    Region$$Table$$Base                      0x08007c5c   Number         0  anon$$obj.o(Region$$Table)
    Region$$Table$$Limit                     0x08007c7c   Number         0  anon$$obj.o(Region$$Table)
    xButtonHandler                           0x20000000   Data           4  main.o(.data)
    buttonPressTimer                         0x20000004   Data           4  main.o(.data)
    sample_N                                 0x20000008   Data           2  sound.o(.data)
    mySinVal                                 0x2000000c   Data           4  sound.o(.data)
    sample_dt                                0x20000010   Data           4  sound.o(.data)
    input_q                                  0x20000018   Data           4  button.o(.data)
    button_state                             0x2000001c   Data           1  button.o(.data)
    now_t                                    0x20000020   Data           4  button.o(.data)
    last_event_t                             0x20000024   Data           4  button.o(.data)
    distance                                 0x20000028   Data           4  button.o(.data)
    btn_pressed                              0x2000002c   Data           4  button.o(.data)
    userButton                               0x20000030   Data           4  button.o(.data)
    xSchedulerHandler                        0x20000034   Data           4  scheduler.o(.data)
    SRTFrunning                              0x20000038   Data           4  scheduler.o(.data)
    timer                                    0x2000003c   Data           4  scheduler.o(.data)
    xSchedulerLock                           0x20000040   Data           4  statemanager.o(.data)
    btn_state                                0x20000044   Data           1  statemanager.o(.data)
    operation_mode                           0x20000045   Data           1  statemanager.o(.data)
    user_selection                           0x20000046   Data           1  statemanager.o(.data)
    pxCurrentTCB                             0x20000048   Data           4  tasks.o(.data)
    uxTopUsedPriority                        0x20000080   Data           4  tasks.o(.data)
    uwTick                                   0x200000c8   Data           4  stm32f4xx_hal.o(.data)
    uwTickPrio                               0x200000cc   Data           4  stm32f4xx_hal.o(.data)
    uwTickFreq                               0x200000d0   Data           1  stm32f4xx_hal.o(.data)
    SystemCoreClock                          0x200000d4   Data           4  system_stm32f4xx.o(.data)
    __aeabi_stdin                            0x200000d8   Data           4  stdio_streams.o(.data)
    __aeabi_stdout                           0x200000dc   Data           4  stdio_streams.o(.data)
    __aeabi_stderr                           0x200000e0   Data           4  stdio_streams.o(.data)
    TIM3_InitStruct                          0x200000e4   Data          64  servo.o(.bss)
    TIM3_OCInitStructure                     0x20000124   Data          28  servo.o(.bss)
    hi2c1                                    0x20000140   Data          84  sound.o(.bss)
    hi2s3                                    0x20000194   Data          72  sound.o(.bss)
    hdma_spi3_tx                             0x200001dc   Data          96  sound.o(.bss)
    data_A5                                  0x2000023c   Data         200  sound.o(.bss)
    dataI2S                                  0x20000304   Data         200  sound.o(.bss)
    espresso                                 0x20000420   Data          40  scheduler.o(.bss)
    latte                                    0x20000448   Data          40  scheduler.o(.bss)
    cappuccino                               0x20000470   Data          40  scheduler.o(.bss)
    mocha                                    0x20000498   Data          40  scheduler.o(.bss)
    task_arr                                 0x200004c0   Data          16  scheduler.o(.bss)
    xQueueRegistry                           0x200004d0   Data          64  queue.o(.bss)
    __stdin                                  0x2000a600   Data          84  stdio_streams.o(.bss)
    __stdout                                 0x2000a654   Data          84  stdio_streams.o(.bss)
    __stderr                                 0x2000a6a8   Data          84  stdio_streams.o(.bss)
    __libspace_start                         0x2000a6fc   Data          96  libspace.o(.bss)
    __temporary_stack_top$libspace           0x2000a75c   Data           0  libspace.o(.bss)



==============================================================================

Memory Map of the image

  Image Entry point : 0x08000189

  Load Region LR_IROM1 (Base: 0x08000000, Size: 0x00007d60, Max: 0x00100000, ABSOLUTE)

    Execution Region ER_IROM1 (Exec base: 0x08000000, Load base: 0x08000000, Size: 0x00007c7c, Max: 0x00100000, ABSOLUTE)

    Exec Addr    Load Addr    Size         Type   Attr      Idx    E Section Name        Object

    0x08000000   0x08000000   0x00000188   Data   RO         8571    RESET               startup_stm32f407xx.o
    0x08000188   0x08000188   0x00000008   Code   RO         8728  * !!!main             c_w.l(__main.o)
    0x08000190   0x08000190   0x00000034   Code   RO         9185    !!!scatter          c_w.l(__scatter.o)
    0x080001c4   0x080001c4   0x0000001a   Code   RO         9187    !!handler_copy      c_w.l(__scatter_copy.o)
    0x080001de   0x080001de   0x00000002   PAD
    0x080001e0   0x080001e0   0x0000001c   Code   RO         9189    !!handler_zi        c_w.l(__scatter_zi.o)
    0x080001fc   0x080001fc   0x00000000   Code   RO         8711    .ARM.Collect$$_printf_percent$$00000000  c_w.l(_printf_percent.o)
    0x080001fc   0x080001fc   0x00000006   Code   RO         8710    .ARM.Collect$$_printf_percent$$00000009  c_w.l(_printf_d.o)
    0x08000202   0x08000202   0x00000006   Code   RO         8709    .ARM.Collect$$_printf_percent$$00000014  c_w.l(_printf_s.o)
    0x08000208   0x08000208   0x00000004   Code   RO         8886    .ARM.Collect$$_printf_percent$$00000017  c_w.l(_printf_percent_end.o)
    0x0800020c   0x0800020c   0x00000002   Code   RO         9098    .ARM.Collect$$libinit$$00000000  c_w.l(libinit.o)
    0x0800020e   0x0800020e   0x00000004   Code   RO         8895    .ARM.Collect$$libinit$$00000001  c_w.l(libinit2.o)
    0x08000212   0x08000212   0x00000000   Code   RO         8898    .ARM.Collect$$libinit$$00000004  c_w.l(libinit2.o)
    0x08000212   0x08000212   0x00000008   Code   RO         8899    .ARM.Collect$$libinit$$00000005  c_w.l(libinit2.o)
    0x0800021a   0x0800021a   0x00000000   Code   RO         8901    .ARM.Collect$$libinit$$0000000A  c_w.l(libinit2.o)
    0x0800021a   0x0800021a   0x00000000   Code   RO         8903    .ARM.Collect$$libinit$$0000000C  c_w.l(libinit2.o)
    0x0800021a   0x0800021a   0x00000000   Code   RO         8905    .ARM.Collect$$libinit$$0000000E  c_w.l(libinit2.o)
    0x0800021a   0x0800021a   0x00000000   Code   RO         8908    .ARM.Collect$$libinit$$00000011  c_w.l(libinit2.o)
    0x0800021a   0x0800021a   0x00000000   Code   RO         8910    .ARM.Collect$$libinit$$00000013  c_w.l(libinit2.o)
    0x0800021a   0x0800021a   0x00000000   Code   RO         8912    .ARM.Collect$$libinit$$00000015  c_w.l(libinit2.o)
    0x0800021a   0x0800021a   0x00000000   Code   RO         8914    .ARM.Collect$$libinit$$00000017  c_w.l(libinit2.o)
    0x0800021a   0x0800021a   0x00000000   Code   RO         8916    .ARM.Collect$$libinit$$00000019  c_w.l(libinit2.o)
    0x0800021a   0x0800021a   0x00000000   Code   RO         8918    .ARM.Collect$$libinit$$0000001B  c_w.l(libinit2.o)
    0x0800021a   0x0800021a   0x00000000   Code   RO         8920    .ARM.Collect$$libinit$$0000001D  c_w.l(libinit2.o)
    0x0800021a   0x0800021a   0x00000000   Code   RO         8922    .ARM.Collect$$libinit$$0000001F  c_w.l(libinit2.o)
    0x0800021a   0x0800021a   0x00000000   Code   RO         8924    .ARM.Collect$$libinit$$00000021  c_w.l(libinit2.o)
    0x0800021a   0x0800021a   0x00000000   Code   RO         8926    .ARM.Collect$$libinit$$00000023  c_w.l(libinit2.o)
    0x0800021a   0x0800021a   0x00000004   Code   RO         8927    .ARM.Collect$$libinit$$00000024  c_w.l(libinit2.o)
    0x0800021e   0x0800021e   0x00000000   Code   RO         8928    .ARM.Collect$$libinit$$00000025  c_w.l(libinit2.o)
    0x0800021e   0x0800021e   0x00000000   Code   RO         8932    .ARM.Collect$$libinit$$0000002C  c_w.l(libinit2.o)
    0x0800021e   0x0800021e   0x00000000   Code   RO         8934    .ARM.Collect$$libinit$$0000002E  c_w.l(libinit2.o)
    0x0800021e   0x0800021e   0x00000000   Code   RO         8936    .ARM.Collect$$libinit$$00000030  c_w.l(libinit2.o)
    0x0800021e   0x0800021e   0x00000000   Code   RO         8938    .ARM.Collect$$libinit$$00000032  c_w.l(libinit2.o)
    0x0800021e   0x0800021e   0x00000002   Code   RO         8939    .ARM.Collect$$libinit$$00000033  c_w.l(libinit2.o)
    0x08000220   0x08000220   0x00000002   Code   RO         9182    .ARM.Collect$$libshutdown$$00000000  c_w.l(libshutdown.o)
    0x08000222   0x08000222   0x00000000   Code   RO         9100    .ARM.Collect$$libshutdown$$00000002  c_w.l(libshutdown2.o)
    0x08000222   0x08000222   0x00000000   Code   RO         9102    .ARM.Collect$$libshutdown$$00000004  c_w.l(libshutdown2.o)
    0x08000222   0x08000222   0x00000004   Code   RO         9103    .ARM.Collect$$libshutdown$$00000005  c_w.l(libshutdown2.o)
    0x08000226   0x08000226   0x00000000   Code   RO         9104    .ARM.Collect$$libshutdown$$00000006  c_w.l(libshutdown2.o)
    0x08000226   0x08000226   0x00000000   Code   RO         9107    .ARM.Collect$$libshutdown$$00000009  c_w.l(libshutdown2.o)
    0x08000226   0x08000226   0x00000000   Code   RO         9110    .ARM.Collect$$libshutdown$$0000000C  c_w.l(libshutdown2.o)
    0x08000226   0x08000226   0x00000000   Code   RO         9112    .ARM.Collect$$libshutdown$$0000000E  c_w.l(libshutdown2.o)
    0x08000226   0x08000226   0x00000000   Code   RO         9115    .ARM.Collect$$libshutdown$$00000011  c_w.l(libshutdown2.o)
    0x08000226   0x08000226   0x00000002   Code   RO         9116    .ARM.Collect$$libshutdown$$00000012  c_w.l(libshutdown2.o)
    0x08000228   0x08000228   0x00000000   Code   RO         8842    .ARM.Collect$$rtentry$$00000000  c_w.l(__rtentry.o)
    0x08000228   0x08000228   0x00000000   Code   RO         8995    .ARM.Collect$$rtentry$$00000002  c_w.l(__rtentry2.o)
    0x08000228   0x08000228   0x00000006   Code   RO         9007    .ARM.Collect$$rtentry$$00000004  c_w.l(__rtentry4.o)
    0x0800022e   0x0800022e   0x00000000   Code   RO         8997    .ARM.Collect$$rtentry$$00000009  c_w.l(__rtentry2.o)
    0x0800022e   0x0800022e   0x00000004   Code   RO         8998    .ARM.Collect$$rtentry$$0000000A  c_w.l(__rtentry2.o)
    0x08000232   0x08000232   0x00000000   Code   RO         9000    .ARM.Collect$$rtentry$$0000000C  c_w.l(__rtentry2.o)
    0x08000232   0x08000232   0x00000008   Code   RO         9001    .ARM.Collect$$rtentry$$0000000D  c_w.l(__rtentry2.o)
    0x0800023a   0x0800023a   0x00000002   Code   RO         9121    .ARM.Collect$$rtexit$$00000000  c_w.l(rtexit.o)
    0x0800023c   0x0800023c   0x00000000   Code   RO         9150    .ARM.Collect$$rtexit$$00000002  c_w.l(rtexit2.o)
    0x0800023c   0x0800023c   0x00000004   Code   RO         9151    .ARM.Collect$$rtexit$$00000003  c_w.l(rtexit2.o)
    0x08000240   0x08000240   0x00000006   Code   RO         9152    .ARM.Collect$$rtexit$$00000004  c_w.l(rtexit2.o)
    0x08000246   0x08000246   0x00000002   PAD
    0x08000248   0x08000248   0x000000be   Code   RO         1777    .emb_text           port.o
    0x08000306   0x08000306   0x00000002   PAD
    0x08000308   0x08000308   0x00000000   Code   RO         9018    .emb_text           c_w.l(maybetermalloc1.o)
    0x08000308   0x08000308   0x00000040   Code   RO         8572    .text               startup_stm32f407xx.o
    0x08000348   0x08000348   0x0000005e   Code   RO         8617    .text               c_w.l(h1_alloc.o)
    0x080003a6   0x080003a6   0x000000ee   Code   RO         8671    .text               c_w.l(lludivv7m.o)
    0x08000494   0x08000494   0x00000018   Code   RO         8681    .text               c_w.l(noretval__2printf.o)
    0x080004ac   0x080004ac   0x00000068   Code   RO         8683    .text               c_w.l(__printf.o)
    0x08000514   0x08000514   0x00000052   Code   RO         8685    .text               c_w.l(_printf_str.o)
    0x08000566   0x08000566   0x00000002   PAD
    0x08000568   0x08000568   0x00000078   Code   RO         8687    .text               c_w.l(_printf_dec.o)
    0x080005e0   0x080005e0   0x0000008a   Code   RO         8712    .text               c_w.l(rt_memcpy_v6.o)
    0x0800066a   0x0800066a   0x00000064   Code   RO         8714    .text               c_w.l(rt_memcpy_w.o)
    0x080006ce   0x080006ce   0x00000010   Code   RO         8718    .text               c_w.l(aeabi_memset.o)
    0x080006de   0x080006de   0x00000044   Code   RO         8720    .text               c_w.l(rt_memclr.o)
    0x08000722   0x08000722   0x0000004e   Code   RO         8722    .text               c_w.l(rt_memclr_w.o)
    0x08000770   0x08000770   0x00000080   Code   RO         8724    .text               c_w.l(strcmpv7m.o)
    0x080007f0   0x080007f0   0x00000006   Code   RO         8726    .text               c_w.l(heapauxi.o)
    0x080007f6   0x080007f6   0x00000002   PAD
    0x080007f8   0x080007f8   0x00000008   Code   RO         8850    .text               c_w.l(rt_heap_descriptor_intlibspace.o)
    0x08000800   0x08000800   0x00000004   Code   RO         8852    .text               c_w.l(hguard.o)
    0x08000804   0x08000804   0x0000008a   Code   RO         8854    .text               c_w.l(init_alloc.o)
    0x0800088e   0x0800088e   0x0000000e   Code   RO         8860    .text               c_w.l(h1_init.o)
    0x0800089c   0x0800089c   0x0000004e   Code   RO         8862    .text               c_w.l(h1_free.o)
    0x080008ea   0x080008ea   0x00000016   Code   RO         8878    .text               c_w.l(_rserrno.o)
    0x08000900   0x08000900   0x000000b2   Code   RO         8880    .text               c_w.l(_printf_intcommon.o)
    0x080009b2   0x080009b2   0x0000002c   Code   RO         8882    .text               c_w.l(_printf_char.o)
    0x080009de   0x080009de   0x00000002   PAD
    0x080009e0   0x080009e0   0x00000024   Code   RO         8884    .text               c_w.l(_printf_char_file.o)
    0x08000a04   0x08000a04   0x00000008   Code   RO         8991    .text               c_w.l(libspace.o)
    0x08000a0c   0x08000a0c   0x00000008   Code   RO         9014    .text               c_w.l(rt_errno_addr_intlibspace.o)
    0x08000a14   0x08000a14   0x00000034   Code   RO         9020    .text               c_w.l(h1_extend.o)
    0x08000a48   0x08000a48   0x00000030   Code   RO         9024    .text               c_w.l(_printf_char_common.o)
    0x08000a78   0x08000a78   0x00000008   Code   RO         9026    .text               c_w.l(ferror.o)
    0x08000a80   0x08000a80   0x00000138   Code   RO         9032    .text               c_w.l(initio.o)
    0x08000bb8   0x08000bb8   0x0000000e   Code   RO         9040    .text               c_w.l(defsig_rtmem_outer.o)
    0x08000bc6   0x08000bc6   0x00000002   Code   RO         9051    .text               c_w.l(use_no_semi.o)
    0x08000bc8   0x08000bc8   0x00000000   Code   RO         9053    .text               c_w.l(indicate_semi.o)
    0x08000bc8   0x08000bc8   0x0000004a   Code   RO         9054    .text               c_w.l(sys_stackheap_outer.o)
    0x08000c12   0x08000c12   0x000001d6   Code   RO         9062    .text               c_w.l(flsbuf.o)
    0x08000de8   0x08000de8   0x00000046   Code   RO         9064    .text               c_w.l(setvbuf.o)
    0x08000e2e   0x08000e2e   0x00000002   PAD
    0x08000e30   0x08000e30   0x000000ec   Code   RO         9067    .text               c_w.l(fopen.o)
    0x08000f1c   0x08000f1c   0x0000004c   Code   RO         9069    .text               c_w.l(fclose.o)
    0x08000f68   0x08000f68   0x00000012   Code   RO         9075    .text               c_w.l(exit.o)
    0x08000f7a   0x08000f7a   0x0000000a   Code   RO         9077    .text               c_w.l(defsig_exit.o)
    0x08000f84   0x08000f84   0x0000000e   Code   RO         9083    .text               c_w.l(defsig_rtred_outer.o)
    0x08000f92   0x08000f92   0x00000002   PAD
    0x08000f94   0x08000f94   0x00000050   Code   RO         9087    .text               c_w.l(defsig_rtmem_inner.o)
    0x08000fe4   0x08000fe4   0x0000000c   Code   RO         9119    .text               c_w.l(sys_exit.o)
    0x08000ff0   0x08000ff0   0x000000f8   Code   RO         9129    .text               c_w.l(fseek.o)
    0x080010e8   0x080010e8   0x000000f0   Code   RO         9131    .text               c_w.l(stdio.o)
    0x080011d8   0x080011d8   0x00000032   Code   RO         9139    .text               c_w.l(defsig_general.o)
    0x0800120a   0x0800120a   0x00000002   PAD
    0x0800120c   0x0800120c   0x00000034   Code   RO         9143    .text               c_w.l(defsig_rtred_inner.o)
    0x08001240   0x08001240   0x0000000e   Code   RO         9147    .text               c_w.l(sys_wrch.o)
    0x0800124e   0x0800124e   0x00000042   Code   RO         9160    .text               c_w.l(ftell.o)
    0x08001290   0x08001290   0x0000006c   Code   RO          488    i.BT_Init           button.o
    0x080012fc   0x080012fc   0x00000084   Code   RO          426    i.CS43_Enable_RightLeft  my_cs43l22.o
    0x08001380   0x08001380   0x00000214   Code   RO          427    i.CS43_Init         my_cs43l22.o
    0x08001594   0x08001594   0x0000005c   Code   RO          428    i.CS43_SetVolume    my_cs43l22.o
    0x080015f0   0x080015f0   0x0000007c   Code   RO          429    i.CS43_Start        my_cs43l22.o
    0x0800166c   0x0800166c   0x00000010   Code   RO          362    i.DMA1_Stream5_IRQHandler  sound.o
    0x0800167c   0x0800167c   0x00000034   Code   RO         6263    i.DMA_CalcBaseAndBitshift  stm32f4xx_hal_dma.o
    0x080016b0   0x080016b0   0x000000aa   Code   RO         6264    i.DMA_CheckFifoParam  stm32f4xx_hal_dma.o
    0x0800175a   0x0800175a   0x0000002c   Code   RO         6265    i.DMA_SetConfig     stm32f4xx_hal_dma.o
    0x08001786   0x08001786   0x00000002   PAD
    0x08001788   0x08001788   0x00000040   Code   RO          583    i.EDF_Schedule      scheduler.o
    0x080017c8   0x080017c8   0x00000034   Code   RO          489    i.EXTI0_IRQHandler  button.o
    0x080017fc   0x080017fc   0x000000a8   Code   RO          584    i.FPS_Schedule      scheduler.o
    0x080018a4   0x080018a4   0x00000240   Code   RO         6271    i.HAL_DMA_IRQHandler  stm32f4xx_hal_dma.o
    0x08001ae4   0x08001ae4   0x000000ec   Code   RO         6272    i.HAL_DMA_Init      stm32f4xx_hal_dma.o
    0x08001bd0   0x08001bd0   0x00000092   Code   RO         6276    i.HAL_DMA_Start_IT  stm32f4xx_hal_dma.o
    0x08001c62   0x08001c62   0x00000002   PAD
    0x08001c64   0x08001c64   0x00000028   Code   RO         5719    i.HAL_Delay         stm32f4xx_hal.o
    0x08001c8c   0x08001c8c   0x00000200   Code   RO         6485    i.HAL_GPIO_Init     stm32f4xx_hal_gpio.o
    0x08001e8c   0x08001e8c   0x0000000c   Code   RO         6489    i.HAL_GPIO_WritePin  stm32f4xx_hal_gpio.o
    0x08001e98   0x08001e98   0x0000000c   Code   RO         5725    i.HAL_GetTick       stm32f4xx_hal.o
    0x08001ea4   0x08001ea4   0x000001d0   Code   RO         6559    i.HAL_I2C_Init      stm32f4xx_hal_i2c.o
    0x08002074   0x08002074   0x000002f8   Code   RO         6565    i.HAL_I2C_Master_Receive  stm32f4xx_hal_i2c.o
    0x0800236c   0x0800236c   0x00000170   Code   RO         6572    i.HAL_I2C_Master_Transmit  stm32f4xx_hal_i2c.o
    0x080024dc   0x080024dc   0x00000088   Code   RO          260    i.HAL_I2C_MspInit   stm32f4xx_hal_msp.o
    0x08002564   0x08002564   0x00000244   Code   RO         7209    i.HAL_I2SEx_FullDuplex_IRQHandler  stm32f4xx_hal_i2s_ex.o
    0x080027a8   0x080027a8   0x00000002   Code   RO         7213    i.HAL_I2SEx_TxRxCpltCallback  stm32f4xx_hal_i2s_ex.o
    0x080027aa   0x080027aa   0x00000002   Code   RO         7024    i.HAL_I2S_ErrorCallback  stm32f4xx_hal_i2s.o
    0x080027ac   0x080027ac   0x000001c0   Code   RO         7028    i.HAL_I2S_Init      stm32f4xx_hal_i2s.o
    0x0800296c   0x0800296c   0x00000110   Code   RO          262    i.HAL_I2S_MspInit   stm32f4xx_hal_msp.o
    0x08002a7c   0x08002a7c   0x00000002   Code   RO         7034    i.HAL_I2S_RxCpltCallback  stm32f4xx_hal_i2s.o
    0x08002a7e   0x08002a7e   0x00000002   PAD
    0x08002a80   0x08002a80   0x00000100   Code   RO         7037    i.HAL_I2S_Transmit_DMA  stm32f4xx_hal_i2s.o
    0x08002b80   0x08002b80   0x00000002   Code   RO         7039    i.HAL_I2S_TxCpltCallback  stm32f4xx_hal_i2s.o
    0x08002b82   0x08002b82   0x00000002   Code   RO         7040    i.HAL_I2S_TxHalfCpltCallback  stm32f4xx_hal_i2s.o
    0x08002b84   0x08002b84   0x00000018   Code   RO         5731    i.HAL_IncTick       stm32f4xx_hal.o
    0x08002b9c   0x08002b9c   0x00000030   Code   RO         5732    i.HAL_Init          stm32f4xx_hal.o
    0x08002bcc   0x08002bcc   0x0000004c   Code   RO         5733    i.HAL_InitTick      stm32f4xx_hal.o
    0x08002c18   0x08002c18   0x00000048   Code   RO          263    i.HAL_MspInit       stm32f4xx_hal_msp.o
    0x08002c60   0x08002c60   0x00000028   Code   RO         5903    i.HAL_NVIC_EnableIRQ  stm32f4xx_hal_cortex.o
    0x08002c88   0x08002c88   0x0000007c   Code   RO         5909    i.HAL_NVIC_SetPriority  stm32f4xx_hal_cortex.o
    0x08002d04   0x08002d04   0x00000028   Code   RO         5910    i.HAL_NVIC_SetPriorityGrouping  stm32f4xx_hal_cortex.o
    0x08002d2c   0x08002d2c   0x00000090   Code   RO         7582    i.HAL_RCCEx_GetPeriphCLKFreq  stm32f4xx_hal_rcc_ex.o
    0x08002dbc   0x08002dbc   0x000001a0   Code   RO         7583    i.HAL_RCCEx_PeriphCLKConfig  stm32f4xx_hal_rcc_ex.o
    0x08002f5c   0x08002f5c   0x00000184   Code   RO         7478    i.HAL_RCC_ClockConfig  stm32f4xx_hal_rcc.o
    0x080030e0   0x080030e0   0x0000000c   Code   RO         7483    i.HAL_RCC_GetHCLKFreq  stm32f4xx_hal_rcc.o
    0x080030ec   0x080030ec   0x00000020   Code   RO         7485    i.HAL_RCC_GetPCLK1Freq  stm32f4xx_hal_rcc.o
    0x0800310c   0x0800310c   0x000000b0   Code   RO         7487    i.HAL_RCC_GetSysClockFreq  stm32f4xx_hal_rcc.o
    0x080031bc   0x080031bc   0x00000488   Code   RO         7490    i.HAL_RCC_OscConfig  stm32f4xx_hal_rcc.o
    0x08003644   0x08003644   0x00000034   Code   RO         5914    i.HAL_SYSTICK_Config  stm32f4xx_hal_cortex.o
    0x08003678   0x08003678   0x00000034   Code   RO         7635    i.HAL_TIM_Base_Init  stm32f4xx_hal_tim.o
    0x080036ac   0x080036ac   0x00000002   Code   RO         7637    i.HAL_TIM_Base_MspInit  stm32f4xx_hal_tim.o
    0x080036ae   0x080036ae   0x0000002a   Code   RO         7638    i.HAL_TIM_Base_Start  stm32f4xx_hal_tim.o
    0x080036d8   0x080036d8   0x00000108   Code   RO         7702    i.HAL_TIM_PWM_ConfigChannel  stm32f4xx_hal_tim.o
    0x080037e0   0x080037e0   0x00000034   Code   RO         7705    i.HAL_TIM_PWM_Init  stm32f4xx_hal_tim.o
    0x08003814   0x08003814   0x00000002   Code   RO         7707    i.HAL_TIM_PWM_MspInit  stm32f4xx_hal_tim.o
    0x08003816   0x08003816   0x00000002   PAD
    0x08003818   0x08003818   0x00000058   Code   RO         7710    i.HAL_TIM_PWM_Start  stm32f4xx_hal_tim.o
    0x08003870   0x08003870   0x0000003e   Code   RO         6602    i.I2C_IsAcknowledgeFailed  stm32f4xx_hal_i2c.o
    0x080038ae   0x080038ae   0x00000002   PAD
    0x080038b0   0x080038b0   0x00000138   Code   RO         6605    i.I2C_MasterRequestRead  stm32f4xx_hal_i2c.o
    0x080039e8   0x080039e8   0x000000c0   Code   RO         6606    i.I2C_MasterRequestWrite  stm32f4xx_hal_i2c.o
    0x08003aa8   0x08003aa8   0x0000005c   Code   RO         6622    i.I2C_WaitOnBTFFlagUntilTimeout  stm32f4xx_hal_i2c.o
    0x08003b04   0x08003b04   0x00000086   Code   RO         6623    i.I2C_WaitOnFlagUntilTimeout  stm32f4xx_hal_i2c.o
    0x08003b8a   0x08003b8a   0x000000c4   Code   RO         6624    i.I2C_WaitOnMasterAddressFlagUntilTimeout  stm32f4xx_hal_i2c.o
    0x08003c4e   0x08003c4e   0x00000080   Code   RO         6625    i.I2C_WaitOnRXNEFlagUntilTimeout  stm32f4xx_hal_i2c.o
    0x08003cce   0x08003cce   0x0000005c   Code   RO         6628    i.I2C_WaitOnTXEFlagUntilTimeout  stm32f4xx_hal_i2c.o
    0x08003d2a   0x08003d2a   0x0000003a   Code   RO         7216    i.I2SEx_RxISR_I2S   stm32f4xx_hal_i2s_ex.o
    0x08003d64   0x08003d64   0x0000006c   Code   RO         7217    i.I2SEx_RxISR_I2SExt  stm32f4xx_hal_i2s_ex.o
    0x08003dd0   0x08003dd0   0x00000038   Code   RO         7218    i.I2SEx_TxISR_I2S   stm32f4xx_hal_i2s_ex.o
    0x08003e08   0x08003e08   0x0000006c   Code   RO         7219    i.I2SEx_TxISR_I2SExt  stm32f4xx_hal_i2s_ex.o
    0x08003e74   0x08003e74   0x0000002e   Code   RO         7041    i.I2S_DMAError      stm32f4xx_hal_i2s.o
    0x08003ea2   0x08003ea2   0x00000028   Code   RO         7044    i.I2S_DMATxCplt     stm32f4xx_hal_i2s.o
    0x08003eca   0x08003eca   0x0000000e   Code   RO         7045    i.I2S_DMATxHalfCplt  stm32f4xx_hal_i2s.o
    0x08003ed8   0x08003ed8   0x000000dc   Code   RO         7046    i.I2S_IRQHandler    stm32f4xx_hal_i2s.o
    0x08003fb4   0x08003fb4   0x00000036   Code   RO         7047    i.I2S_Receive_IT    stm32f4xx_hal_i2s.o
    0x08003fea   0x08003fea   0x00000036   Code   RO         7048    i.I2S_Transmit_IT   stm32f4xx_hal_i2s.o
    0x08004020   0x08004020   0x00000030   Code   RO         5628    i.ITM_SendChar      retarget_io.o
    0x08004050   0x08004050   0x00000038   Code   RO          363    i.InitDMA           sound.o
    0x08004088   0x08004088   0x000000b0   Code   RO            4    i.InitGPIO          main.o
    0x08004138   0x08004138   0x00000038   Code   RO          364    i.InitI2C1          sound.o
    0x08004170   0x08004170   0x00000038   Code   RO          365    i.InitI2S3          sound.o
    0x080041a8   0x080041a8   0x0000004c   Code   RO          311    i.InitServo         servo.o
    0x080041f4   0x080041f4   0x00000058   Code   RO          312    i.InitTimer3        servo.o
    0x0800424c   0x0800424c   0x0000004c   Code   RO          547    i.LD_Init           leds.o
    0x08004298   0x08004298   0x00000038   Code   RO          548    i.LD_Reset          leds.o
    0x080042d0   0x080042d0   0x00000058   Code   RO          549    i.LD_Set            leds.o
    0x08004328   0x08004328   0x0000004c   Code   RO          585    i.LLF_Schedule      scheduler.o
    0x08004374   0x08004374   0x00000048   Code   RO          672    i.MN_Init           statemanager.o
    0x080043bc   0x080043bc   0x00000034   Code   RO          586    i.SH_Start          scheduler.o
    0x080043f0   0x080043f0   0x000000e4   Code   RO          587    i.SH_init_tasks     scheduler.o
    0x080044d4   0x080044d4   0x00000144   Code   RO          588    i.SH_print_results  scheduler.o
    0x08004618   0x08004618   0x00000170   Code   RO          366    i.SN_Beep           sound.o
    0x08004788   0x08004788   0x0000002c   Code   RO          367    i.SN_Init           sound.o
    0x080047b4   0x080047b4   0x00000080   Code   RO          589    i.SRTF_Schedule     scheduler.o
    0x08004834   0x08004834   0x00000010   Code   RO          313    i.SR_Init           servo.o
    0x08004844   0x08004844   0x00000040   Code   RO          314    i.SR_Set_position   servo.o
    0x08004884   0x08004884   0x00000044   Code   RO          315    i.SetupPWM_TIM3     servo.o
    0x080048c8   0x080048c8   0x00000014   Code   RO            5    i.SysTick_Handler   main.o
    0x080048dc   0x080048dc   0x000000ac   Code   RO            6    i.SystemClock_Config  main.o
    0x08004988   0x08004988   0x0000001c   Code   RO         8580    i.SystemInit        system_stm32f4xx.o
    0x080049a4   0x080049a4   0x000000d8   Code   RO         7723    i.TIM_Base_SetConfig  stm32f4xx_hal_tim.o
    0x08004a7c   0x08004a7c   0x00000022   Code   RO         7724    i.TIM_CCxChannelCmd  stm32f4xx_hal_tim.o
    0x08004a9e   0x08004a9e   0x00000002   PAD
    0x08004aa0   0x08004aa0   0x00000070   Code   RO         7736    i.TIM_OC1_SetConfig  stm32f4xx_hal_tim.o
    0x08004b10   0x08004b10   0x0000007c   Code   RO         7737    i.TIM_OC2_SetConfig  stm32f4xx_hal_tim.o
    0x08004b8c   0x08004b8c   0x00000078   Code   RO         7738    i.TIM_OC3_SetConfig  stm32f4xx_hal_tim.o
    0x08004c04   0x08004c04   0x00000054   Code   RO         7739    i.TIM_OC4_SetConfig  stm32f4xx_hal_tim.o
    0x08004c58   0x08004c58   0x00000026   Code   RO         8967    i.__ARM_fpclassifyf  m_wm.l(fpclassifyf.o)
    0x08004c7e   0x08004c7e   0x00000002   PAD
    0x08004c80   0x08004c80   0x00000010   Code   RO         5916    i.__NVIC_GetPriorityGrouping  stm32f4xx_hal_cortex.o
    0x08004c90   0x08004c90   0x00000028   Code   RO         5917    i.__NVIC_SetPriority  stm32f4xx_hal_cortex.o
    0x08004cb8   0x08004cb8   0x00000190   Code   RO         8816    i.__hardfp_sinf     m_wm.l(sinf.o)
    0x08004e48   0x08004e48   0x00000006   Code   RO         8970    i.__mathlib_flt_infnan  m_wm.l(funder.o)
    0x08004e4e   0x08004e4e   0x00000002   PAD
    0x08004e50   0x08004e50   0x00000010   Code   RO         8972    i.__mathlib_flt_invalid  m_wm.l(funder.o)
    0x08004e60   0x08004e60   0x00000010   Code   RO         8975    i.__mathlib_flt_underflow  m_wm.l(funder.o)
    0x08004e70   0x08004e70   0x00000154   Code   RO         8986    i.__mathlib_rredf2  m_wm.l(rredf.o)
    0x08004fc4   0x08004fc4   0x00000026   Code   RO         5629    i._sys_close        retarget_io.o
    0x08004fea   0x08004fea   0x00000024   Code   RO         5630    i._sys_flen         retarget_io.o
    0x0800500e   0x0800500e   0x00000024   Code   RO         5631    i._sys_istty        retarget_io.o
    0x08005032   0x08005032   0x00000002   PAD
    0x08005034   0x08005034   0x00000068   Code   RO         5632    i._sys_open         retarget_io.o
    0x0800509c   0x0800509c   0x0000002c   Code   RO         5634    i._sys_seek         retarget_io.o
    0x080050c8   0x080050c8   0x00000046   Code   RO         5635    i._sys_write        retarget_io.o
    0x0800510e   0x0800510e   0x00000002   PAD
    0x08005110   0x08005110   0x00000024   Code   RO          673    i.applyCurrentSelection  statemanager.o
    0x08005134   0x08005134   0x00000050   Code   RO          490    i.buttonPressTimerCallback  button.o
    0x08005184   0x08005184   0x00000034   Code   RO          590    i.check_coffee_period  scheduler.o
    0x080051b8   0x080051b8   0x0000001a   Code   RO         9029    i.fputc             c_w.l(fputc.o)
    0x080051d2   0x080051d2   0x00000002   PAD
    0x080051d4   0x080051d4   0x00000098   Code   RO          368    i.generateData      sound.o
    0x0800526c   0x0800526c   0x00000088   Code   RO            7    i.main              main.o
    0x080052f4   0x080052f4   0x00000098   Code   RO         1256    i.prvAddCurrentTaskToDelayedList  tasks.o
    0x0800538c   0x0800538c   0x000000b8   Code   RO         1257    i.prvAddNewTaskToReadyList  tasks.o
    0x08005444   0x08005444   0x00000064   Code   RO         1620    i.prvCheckForValidListAndQueue  timers.o
    0x080054a8   0x080054a8   0x00000048   Code   RO         1258    i.prvCheckTasksWaitingTermination  tasks.o
    0x080054f0   0x080054f0   0x0000002a   Code   RO          879    i.prvCopyDataFromQueue  queue.o
    0x0800551a   0x0800551a   0x0000007e   Code   RO          880    i.prvCopyDataToQueue  queue.o
    0x08005598   0x08005598   0x00000012   Code   RO         1259    i.prvDeleteTCB      tasks.o
    0x080055aa   0x080055aa   0x00000014   Code   RO          881    i.prvGetDisinheritPriorityAfterTimeout  queue.o
    0x080055be   0x080055be   0x00000002   PAD
    0x080055c0   0x080055c0   0x00000028   Code   RO         1621    i.prvGetNextExpireTime  timers.o
    0x080055e8   0x080055e8   0x0000007c   Code   RO         1854    i.prvHeapInit       heap_4.o
    0x08005664   0x08005664   0x00000028   Code   RO         1260    i.prvIdleTask       tasks.o
    0x0800568c   0x0800568c   0x0000002a   Code   RO          883    i.prvInitialiseNewQueue  queue.o
    0x080056b6   0x080056b6   0x000000c0   Code   RO         1261    i.prvInitialiseNewTask  tasks.o
    0x08005776   0x08005776   0x0000005c   Code   RO         1622    i.prvInitialiseNewTimer  timers.o
    0x080057d2   0x080057d2   0x00000002   PAD
    0x080057d4   0x080057d4   0x00000068   Code   RO         1262    i.prvInitialiseTaskLists  tasks.o
    0x0800583c   0x0800583c   0x00000068   Code   RO         1855    i.prvInsertBlockIntoFreeList  heap_4.o
    0x080058a4   0x080058a4   0x00000058   Code   RO         1623    i.prvInsertTimerInActiveList  timers.o
    0x080058fc   0x080058fc   0x0000001a   Code   RO          884    i.prvIsQueueEmpty   queue.o
    0x08005916   0x08005916   0x0000001e   Code   RO          885    i.prvIsQueueFull    queue.o
    0x08005934   0x08005934   0x00000074   Code   RO         1624    i.prvProcessExpiredTimer  timers.o
    0x080059a8   0x080059a8   0x0000013c   Code   RO         1625    i.prvProcessReceivedCommands  timers.o
    0x08005ae4   0x08005ae4   0x00000074   Code   RO         1626    i.prvProcessTimerOrBlockTask  timers.o
    0x08005b58   0x08005b58   0x00000030   Code   RO         1264    i.prvResetNextTaskUnblockTime  tasks.o
    0x08005b88   0x08005b88   0x0000002c   Code   RO         1627    i.prvSampleTimeNow  timers.o
    0x08005bb4   0x08005bb4   0x000000a4   Code   RO         1628    i.prvSwitchTimerLists  timers.o
    0x08005c58   0x08005c58   0x00000044   Code   RO         1778    i.prvTaskExitError  port.o
    0x08005c9c   0x08005c9c   0x0000005c   Code   RO         1266    i.prvTaskIsTaskSuspended  tasks.o
    0x08005cf8   0x08005cf8   0x0000001a   Code   RO         1629    i.prvTimerTask      timers.o
    0x08005d12   0x08005d12   0x0000007e   Code   RO          886    i.prvUnlockQueue    queue.o
    0x08005d90   0x08005d90   0x0000017c   Code   RO         1856    i.pvPortMalloc      heap_4.o
    0x08005f0c   0x08005f0c   0x00000020   Code   RO         1267    i.pvTaskIncrementMutexHeldCount  tasks.o
    0x08005f2c   0x08005f2c   0x0000002c   Code   RO         1779    i.pxPortInitialiseStack  port.o
    0x08005f58   0x08005f58   0x00000034   Code   RO          431    i.read_register     my_cs43l22.o
    0x08005f8c   0x08005f8c   0x000000dc   Code   RO          674    i.selectNextScheduler  statemanager.o
    0x08006068   0x08006068   0x0000000c   Code   RO         5636    i.stdout_putchar    retarget_io.o
    0x08006074   0x08006074   0x00000024   Code   RO          675    i.stopScheduler     statemanager.o
    0x08006098   0x08006098   0x00000028   Code   RO          839    i.uxListRemove      list.o
    0x080060c0   0x080060c0   0x00000004   Code   RO            9    i.vApplicationMallocFailedHook  main.o
    0x080060c4   0x080060c4   0x00000180   Code   RO          591    i.vBrewer           scheduler.o
    0x08006244   0x08006244   0x0000001a   Code   RO          840    i.vListInitialise   list.o
    0x0800625e   0x0800625e   0x00000006   Code   RO          841    i.vListInitialiseItem  list.o
    0x08006264   0x08006264   0x00000034   Code   RO          842    i.vListInsert       list.o
    0x08006298   0x08006298   0x00000018   Code   RO          843    i.vListInsertEnd    list.o
    0x080062b0   0x080062b0   0x00000058   Code   RO         1781    i.vPortEnterCritical  port.o
    0x08006308   0x08006308   0x00000040   Code   RO         1782    i.vPortExitCritical  port.o
    0x08006348   0x08006348   0x000000a8   Code   RO         1857    i.vPortFree         heap_4.o
    0x080063f0   0x080063f0   0x00000028   Code   RO         1783    i.vPortSetupTimerInterrupt  port.o
    0x08006418   0x08006418   0x0000007c   Code   RO         1784    i.vPortValidateInterruptPriority  port.o
    0x08006494   0x08006494   0x0000002c   Code   RO          892    i.vQueueAddToRegistry  queue.o
    0x080064c0   0x080064c0   0x0000004a   Code   RO          896    i.vQueueWaitForMessageRestricted  queue.o
    0x0800650a   0x0800650a   0x00000002   PAD
    0x0800650c   0x0800650c   0x000000cc   Code   RO          592    i.vScheduler        scheduler.o
    0x080065d8   0x080065d8   0x00000044   Code   RO          491    i.vTaskButton       button.o
    0x0800661c   0x0800661c   0x0000005c   Code   RO         1276    i.vTaskDelay        tasks.o
    0x08006678   0x08006678   0x000000f4   Code   RO         1277    i.vTaskDelete       tasks.o
    0x0800676c   0x0800676c   0x00000018   Code   RO         1281    i.vTaskInternalSetTimeOutState  tasks.o
    0x08006784   0x08006784   0x0000000c   Code   RO         1282    i.vTaskMissedYield  tasks.o
    0x08006790   0x08006790   0x00000054   Code   RO          676    i.vTaskOperator     statemanager.o
    0x080067e4   0x080067e4   0x0000003c   Code   RO         1283    i.vTaskPlaceOnEventList  tasks.o
    0x08006820   0x08006820   0x00000044   Code   RO         1284    i.vTaskPlaceOnEventListRestricted  tasks.o
    0x08006864   0x08006864   0x000000e8   Code   RO         1286    i.vTaskPriorityDisinheritAfterTimeout  tasks.o
    0x0800694c   0x0800694c   0x0000009c   Code   RO         1292    i.vTaskStartScheduler  tasks.o
    0x080069e8   0x080069e8   0x00000104   Code   RO         1293    i.vTaskSuspend      tasks.o
    0x08006aec   0x08006aec   0x00000010   Code   RO         1294    i.vTaskSuspendAll   tasks.o
    0x08006afc   0x08006afc   0x0000008c   Code   RO         1295    i.vTaskSwitchContext  tasks.o
    0x08006b88   0x08006b88   0x0000002c   Code   RO          432    i.write_register    my_cs43l22.o
    0x08006bb4   0x08006bb4   0x00000170   Code   RO         1785    i.xPortStartScheduler  port.o
    0x08006d24   0x08006d24   0x00000034   Code   RO         1786    i.xPortSysTickHandler  port.o
    0x08006d58   0x08006d58   0x000000a8   Code   RO          899    i.xQueueGenericCreate  queue.o
    0x08006e00   0x08006e00   0x00000098   Code   RO          900    i.xQueueGenericReset  queue.o
    0x08006e98   0x08006e98   0x000001b0   Code   RO          901    i.xQueueGenericSend  queue.o
    0x08007048   0x08007048   0x00000128   Code   RO          902    i.xQueueGenericSendFromISR  queue.o
    0x08007170   0x08007170   0x00000170   Code   RO          909    i.xQueueReceive     queue.o
    0x080072e0   0x080072e0   0x000001c0   Code   RO          911    i.xQueueSemaphoreTake  queue.o
    0x080074a0   0x080074a0   0x00000094   Code   RO         1297    i.xTaskCheckForTimeOut  tasks.o
    0x08007534   0x08007534   0x00000060   Code   RO         1298    i.xTaskCreate       tasks.o
    0x08007594   0x08007594   0x00000020   Code   RO         1305    i.xTaskGetSchedulerState  tasks.o
    0x080075b4   0x080075b4   0x0000000c   Code   RO         1306    i.xTaskGetTickCount  tasks.o
    0x080075c0   0x080075c0   0x00000148   Code   RO         1308    i.xTaskIncrementTick  tasks.o
    0x08007708   0x08007708   0x000000c0   Code   RO         1309    i.xTaskPriorityDisinherit  tasks.o
    0x080077c8   0x080077c8   0x000000b8   Code   RO         1310    i.xTaskPriorityInherit  tasks.o
    0x08007880   0x08007880   0x0000009c   Code   RO         1311    i.xTaskRemoveFromEventList  tasks.o
    0x0800791c   0x0800791c   0x00000108   Code   RO         1312    i.xTaskResumeAll    tasks.o
    0x08007a24   0x08007a24   0x000000c0   Code   RO         1313    i.xTaskResumeFromISR  tasks.o
    0x08007ae4   0x08007ae4   0x00000036   Code   RO         1636    i.xTimerCreate      timers.o
    0x08007b1a   0x08007b1a   0x00000002   PAD
    0x08007b1c   0x08007b1c   0x00000058   Code   RO         1637    i.xTimerCreateTimerTask  timers.o
    0x08007b74   0x08007b74   0x00000084   Code   RO         1638    i.xTimerGenericCommand  timers.o
    0x08007bf8   0x08007bf8   0x0000000a   Code   RO         9049    x$fpl$fpinit        fz_wm.l(fpinit.o)
    0x08007c02   0x08007c02   0x00000000   Code   RO         8952    x$fpl$usenofp       fz_wm.l(usenofp.o)
    0x08007c02   0x08007c02   0x00000017   Data   RO         5637    .constdata          retarget_io.o
    0x08007c19   0x08007c19   0x00000008   Data   RO         6278    .constdata          stm32f4xx_hal_dma.o
    0x08007c21   0x08007c21   0x00000018   Data   RO         8581    .constdata          system_stm32f4xx.o
    0x08007c39   0x08007c39   0x00000003   PAD
    0x08007c3c   0x08007c3c   0x00000020   Data   RO         8987    .constdata          m_wm.l(rredf.o)
    0x08007c5c   0x08007c5c   0x00000020   Data   RO         9183    Region$$Table       anon$$obj.o


    Execution Region RW_IRAM1 (Exec base: 0x20000000, Load base: 0x08007c7c, Size: 0x0000ad60, Max: 0x00020000, ABSOLUTE)

    Exec Addr    Load Addr    Size         Type   Attr      Idx    E Section Name        Object

    0x20000000   0x08007c7c   0x00000008   Data   RW           13    .data               main.o
    0x20000008   0x08007c84   0x0000000c   Data   RW          370    .data               sound.o
    0x20000014   0x08007c90   0x00000002   Data   RW          434    .data               my_cs43l22.o
    0x20000016   0x08007c92   0x00000002   PAD
    0x20000018   0x08007c94   0x0000001c   Data   RW          492    .data               button.o
    0x20000034   0x08007cb0   0x0000000c   Data   RW          594    .data               scheduler.o
    0x20000040   0x08007cbc   0x00000007   Data   RW          677    .data               statemanager.o
    0x20000047   0x08007cc3   0x00000001   PAD
    0x20000048   0x08007cc4   0x00000040   Data   RW         1315    .data               tasks.o
    0x20000088   0x08007d04   0x00000014   Data   RW         1644    .data               timers.o
    0x2000009c   0x08007d18   0x0000000c   Data   RW         1787    .data               port.o
    0x200000a8   0x08007d24   0x00000020   Data   RW         1863    .data               heap_4.o
    0x200000c8   0x08007d44   0x00000009   Data   RW         5739    .data               stm32f4xx_hal.o
    0x200000d1   0x08007d4d   0x00000003   PAD
    0x200000d4   0x08007d50   0x00000004   Data   RW         8582    .data               system_stm32f4xx.o
    0x200000d8   0x08007d54   0x00000004   Data   RW         8890    .data               c_w.l(stdio_streams.o)
    0x200000dc   0x08007d58   0x00000004   Data   RW         8891    .data               c_w.l(stdio_streams.o)
    0x200000e0   0x08007d5c   0x00000004   Data   RW         8892    .data               c_w.l(stdio_streams.o)
    0x200000e4        -       0x0000005c   Zero   RW          316    .bss                servo.o
    0x20000140        -       0x0000028c   Zero   RW          369    .bss                sound.o
    0x200003cc        -       0x00000054   Zero   RW          433    .bss                my_cs43l22.o
    0x20000420        -       0x000000b0   Zero   RW          593    .bss                scheduler.o
    0x200004d0        -       0x00000040   Zero   RW          913    .bss                queue.o
    0x20000510        -       0x000000c8   Zero   RW         1314    .bss                tasks.o
    0x200005d8        -       0x00000028   Zero   RW         1643    .bss                timers.o
    0x20000600        -       0x0000a000   Zero   RW         1862    .bss                heap_4.o
    0x2000a600        -       0x00000054   Zero   RW         8887    .bss                c_w.l(stdio_streams.o)
    0x2000a654        -       0x00000054   Zero   RW         8888    .bss                c_w.l(stdio_streams.o)
    0x2000a6a8        -       0x00000054   Zero   RW         8889    .bss                c_w.l(stdio_streams.o)
    0x2000a6fc        -       0x00000060   Zero   RW         8992    .bss                c_w.l(libspace.o)
    0x2000a75c   0x08007d60   0x00000004   PAD
    0x2000a760        -       0x00000200   Zero   RW         8570    HEAP                startup_stm32f407xx.o
    0x2000a960        -       0x00000400   Zero   RW         8569    STACK               startup_stm32f407xx.o


==============================================================================

Image component sizes


      Code (inc. data)   RO Data    RW Data    ZI Data      Debug   Object Name

       308         50          0         28          0       3854   button.o
         0          0          0          0          0      13820   event_groups.o
       776         74          0         32      40960       5155   heap_4.o
       220         20          0          0          0       1798   leds.o
       148          0          0          0          0       3562   list.o
       508         68          0          8          0     716309   main.o
       976         50          0          2         84       4118   my_cs43l22.o
      1038         98          0         12          0      12465   port.o
      2394         26          0          0         64      20188   queue.o
       388         30         23          0          0       7026   retarget_io.o
      1680        514          0         12        176       7243   scheduler.o
       312         36          0          0         92       3024   servo.o
       748        108          0         12        652       4344   sound.o
        64         26        392          0       1536        868   startup_stm32f407xx.o
       448        160          0          7          0       2865   statemanager.o
       200         34          0          9          0       9917   stm32f4xx_hal.o
       312         22          0          0          0      34919   stm32f4xx_hal_cortex.o
      1224         16          8          0          0       6055   stm32f4xx_hal_dma.o
       524         46          0          0          0       2556   stm32f4xx_hal_gpio.o
      2800         48          0          0          0      12258   stm32f4xx_hal_i2c.o
      1140         30          0          0          0       9457   stm32f4xx_hal_i2s.o
       912         26          0          0          0       5139   stm32f4xx_hal_i2s_ex.o
       480         40          0          0          0       2509   stm32f4xx_hal_msp.o
      1768         74          0          0          0       5465   stm32f4xx_hal_rcc.o
       560         38          0          0          0       2449   stm32f4xx_hal_rcc_ex.o
      1192         90          0          0          0      10594   stm32f4xx_hal_tim.o
        28          4         24          4          0       1327   system_stm32f4xx.o
      3842        492          0         64        200      35715   tasks.o
      1376        110          0         20         40      26546   timers.o

    ----------------------------------------------------------------------
     26392       2330        482        216      43804     971545   Object Totals
         0          0         32          0          0          0   (incl. Generated)
        26          0          3          6          0          0   (incl. Padding)

    ----------------------------------------------------------------------

      Code (inc. data)   RO Data    RW Data    ZI Data      Debug   Library Member Name

         8          0          0          0          0         68   __main.o
       104          0          0          0          0         84   __printf.o
         0          0          0          0          0          0   __rtentry.o
        12          0          0          0          0          0   __rtentry2.o
         6          0          0          0          0          0   __rtentry4.o
        52          8          0          0          0          0   __scatter.o
        26          0          0          0          0          0   __scatter_copy.o
        28          0          0          0          0          0   __scatter_zi.o
        44          0          0          0          0        108   _printf_char.o
        48          6          0          0          0         96   _printf_char_common.o
        36          4          0          0          0         80   _printf_char_file.o
         6          0          0          0          0          0   _printf_d.o
       120         16          0          0          0         92   _printf_dec.o
       178          0          0          0          0         88   _printf_intcommon.o
         0          0          0          0          0          0   _printf_percent.o
         4          0          0          0          0          0   _printf_percent_end.o
         6          0          0          0          0          0   _printf_s.o
        82          0          0          0          0         80   _printf_str.o
        22          0          0          0          0        100   _rserrno.o
        16          0          0          0          0         68   aeabi_memset.o
        10          0          0          0          0         68   defsig_exit.o
        50          0          0          0          0         88   defsig_general.o
        80         58          0          0          0         76   defsig_rtmem_inner.o
        14          0          0          0          0         80   defsig_rtmem_outer.o
        52         38          0          0          0         76   defsig_rtred_inner.o
        14          0          0          0          0         80   defsig_rtred_outer.o
        18          0          0          0          0         80   exit.o
        76          0          0          0          0         88   fclose.o
         8          0          0          0          0         68   ferror.o
       470          0          0          0          0         88   flsbuf.o
       236          4          0          0          0        128   fopen.o
        26          0          0          0          0         68   fputc.o
       248          6          0          0          0         84   fseek.o
        66          0          0          0          0         76   ftell.o
        94          0          0          0          0         80   h1_alloc.o
        52          0          0          0          0         68   h1_extend.o
        78          0          0          0          0         80   h1_free.o
        14          0          0          0          0         84   h1_init.o
         6          0          0          0          0        152   heapauxi.o
         4          0          0          0          0        136   hguard.o
         0          0          0          0          0          0   indicate_semi.o
       138          0          0          0          0        168   init_alloc.o
       312         46          0          0          0        112   initio.o
         2          0          0          0          0          0   libinit.o
        18          0          0          0          0          0   libinit2.o
         2          0          0          0          0          0   libshutdown.o
         6          0          0          0          0          0   libshutdown2.o
         8          4          0          0         96         68   libspace.o
       238          0          0          0          0        100   lludivv7m.o
         0          0          0          0          0          0   maybetermalloc1.o
        24          4          0          0          0         84   noretval__2printf.o
         8          4          0          0          0         68   rt_errno_addr_intlibspace.o
         8          4          0          0          0         68   rt_heap_descriptor_intlibspace.o
        68          0          0          0          0         68   rt_memclr.o
        78          0          0          0          0         80   rt_memclr_w.o
       138          0          0          0          0         68   rt_memcpy_v6.o
       100          0          0          0          0         80   rt_memcpy_w.o
         2          0          0          0          0          0   rtexit.o
        10          0          0          0          0          0   rtexit2.o
        70          0          0          0          0         80   setvbuf.o
       240          6          0          0          0        156   stdio.o
         0          0          0         12        252          0   stdio_streams.o
       128          0          0          0          0         68   strcmpv7m.o
        12          4          0          0          0         68   sys_exit.o
        74          0          0          0          0         80   sys_stackheap_outer.o
        14          0          0          0          0         76   sys_wrch.o
         2          0          0          0          0         68   use_no_semi.o
        10          0          0          0          0        116   fpinit.o
         0          0          0          0          0          0   usenofp.o
        38          0          0          0          0        116   fpclassifyf.o
        38         12          0          0          0        348   funder.o
       340         24         32          0          0        160   rredf.o
       400         56          0          0          0        212   sinf.o

    ----------------------------------------------------------------------
      4962        304         32         12        352       5124   Library Totals
        22          0          0          0          4          0   (incl. Padding)

    ----------------------------------------------------------------------

      Code (inc. data)   RO Data    RW Data    ZI Data      Debug   Library Name

      4114        212          0         12        348       4172   c_w.l
        10          0          0          0          0        116   fz_wm.l
       816         92         32          0          0        836   m_wm.l

    ----------------------------------------------------------------------
      4962        304         32         12        352       5124   Library Totals

    ----------------------------------------------------------------------

==============================================================================


      Code (inc. data)   RO Data    RW Data    ZI Data      Debug   

     31354       2634        514        228      44156     954229   Grand Totals
     31354       2634        514        228      44156     954229   ELF Image Totals
     31354       2634        514        228          0          0   ROM Totals

==============================================================================

    Total RO  Size (Code + RO Data)                31868 (  31.12kB)
    Total RW  Size (RW Data + ZI Data)             44384 (  43.34kB)
    Total ROM Size (Code + RO Data + RW Data)      32096 (  31.34kB)

==============================================================================

